<html>
<body>
<pre>
<h1>礦ision Build Log</h1>
<h2>Tool Versions:</h2>
IDE-Version: μVision V5.14.0.0
Copyright (C) 2015 ARM Ltd and ARM Germany GmbH. All rights reserved.
License Information: 124 454454, 454545, LIC=----
 
Tool Versions:
Toolchain:       MDK-ARM Professional  Version: 5.14.0.0
Toolchain Path:  C:\Keil_v5\ARM\ARMCC\Bin
C Compiler:      Armcc.exe V5.05 update 1 (build 106)
Assembler:       Armasm.exe V5.05 update 1 (build 106)
Linker/Locator:  ArmLink.exe V5.05 update 1 (build 106)
Library Manager: ArmAr.exe V5.05 update 1 (build 106)
Hex Converter:   FromElf.exe V5.05 update 1 (build 106)
CPU DLL:         SARMCM3.DLL V5.14.0.0
Dialog DLL:      DCM.DLL V1.13.1.0
Target DLL:      Segger\JL2CM3.dll V2.99.13.0
Dialog DLL:      TCM.DLL V1.14.4.0
 
<h2>Project:</h2>
F:\林镇圳\嵌入式比赛\16_国赛\国赛版本\V4\底层\主车\USER\TEST.uvprojx
Project File Date:  05/18/2018

<h2>Output:</h2>
Build target 'Target 1'
compiling core_cm3.c...
compiling system_stm32f10x.c...
assembling startup_stm32f10x_hd.s...
compiling stm32f10x_it.c...
compiling test.c...
test.c(115): warning:  #223-D: function "TIM8_Int_Init" declared implicitly
        TIM8_Int_Init(99,79);//((1+TIM_Prescaler)/72M)*(1+TIM_Period )
test.c: 1 warning, 0 errors
compiling data_channel.c...
compiling delay_drv.c...
compiling sys.c...
compiling usart.c...
..\SYSTEM\usart\usart.c(28): warning:  #550-D: variable "res" was set but never used
        u8 res;
..\SYSTEM\usart\usart.c(34): warning:  #550-D: variable "res" was set but never used
        u8 res;
..\SYSTEM\usart\usart.c(42): warning:  #177-D: variable "NVIC_InitStructure" was declared but never referenced
        NVIC_InitTypeDef NVIC_InitStructure;
..\SYSTEM\usart\usart.c: 3 warnings, 0 errors
compiling delay.c...
compiling led.c...
compiling init.c...
compiling djqd.c...
compiling bh1750.c...
..\HARDWARE\BH1750\bh1750.c(44): warning:  #223-D: function "delay_us" declared implicitly
        delay_us(4);
..\HARDWARE\BH1750\bh1750.c(59): warning:  #223-D: function "delay_us" declared implicitly
        delay_us(4);
..\HARDWARE\BH1750\bh1750.c(74): warning:  #223-D: function "delay_us" declared implicitly
      delay_us(2);        //延时
..\HARDWARE\BH1750\bh1750.c(89): warning:  #223-D: function "delay_us" declared implicitly
      delay_us(2);      //延时
..\HARDWARE\BH1750\bh1750.c(111): warning:  #223-D: function "delay_us" declared implicitly
          delay_us(2);         //延时
..\HARDWARE\BH1750\bh1750.c(132): warning:  #223-D: function "delay_us" declared implicitly
          delay_us(2);        //延时
..\HARDWARE\BH1750\bh1750.c: 6 warnings, 0 errors
compiling key.c...
compiling xj.c...
compiling csb.c...
..\HARDWARE\CSB\csb.c(253): warning:  #223-D: function "delay_us" declared implicitly
        delay_us(3) ;
..\HARDWARE\CSB\csb.c: 1 warning, 0 errors
compiling hw.c...
..\HARDWARE\HW\hw.c(35): warning:  #223-D: function "delay_us" declared implicitly
        delay_us(560);
..\HARDWARE\HW\hw.c: 1 warning, 0 errors
compiling exit.c...
compiling uart_my.c...
compiling can_drv.c...
compiling CanP_HostCom.c...
compiling fifo_drv.c...
compiling adc.c...
compiling power_check.c...
compiling timer.c...
compiling SYN7318.c...
..\HARDWARE\SYN7318\SYN7318.c(577): warning:  #223-D: function "send_data_zigbee" declared implicitly
                                send_data_zigbee( commom_ , 8);         
..\HARDWARE\SYN7318\SYN7318.c: 1 warning, 0 errors
compiling htxj.c...
compiling misc.c...
compiling stm32f10x_adc.c...
compiling stm32f10x_bkp.c...
compiling stm32f10x_can.c...
compiling stm32f10x_cec.c...
compiling stm32f10x_crc.c...
compiling stm32f10x_dac.c...
compiling stm32f10x_dbgmcu.c...
compiling stm32f10x_dma.c...
compiling stm32f10x_exti.c...
compiling stm32f10x_flash.c...
compiling stm32f10x_fsmc.c...
compiling stm32f10x_gpio.c...
compiling stm32f10x_i2c.c...
compiling stm32f10x_iwdg.c...
compiling stm32f10x_pwr.c...
compiling stm32f10x_rcc.c...
compiling stm32f10x_rtc.c...
compiling stm32f10x_sdio.c...
compiling stm32f10x_spi.c...
compiling stm32f10x_tim.c...
compiling stm32f10x_usart.c...
compiling stm32f10x_wwdg.c...
compiling my_lib.c...
compiling move.c...
compiling feedback.c...
compiling rc522_my.c...
compiling RC522.c...
compiling code.c...
compiling zigbee.c...
compiling infrared.c...
compiling other.c...
linking...
Program Size: Code=41144 RO-data=1048 RW-data=1964 ZI-data=4420  
FromELF: creating hex file...
"..\Output\TEST.axf" - 0 Error(s), 13 Warning(s).

<h2>Software Packages used:</h2>

Package Vendor: ARM
                http://www.keil.com/pack/ARM.CMSIS.4.2.0.pack
                ARM::CMSIS:CORE:3.40.0
                CMSIS (Cortex Microcontroller Software Interface Standard)
   * Component: CORE Version: 3.40.0

<h2>Collection of Component include folders:</h2>
  F:\林镇圳\嵌入式比赛\16_国赛\国赛版本\V4\底层\主车\USER\RTE
  C:\Keil_v5\ARM\PACK\ARM\CMSIS\4.2.0\CMSIS\Include
  C:\Keil_v5\ARM\PACK\ARM\CMSIS\4.2.0\Device\ARM\ARMCM3\Include

<h2>Collection of Component Files used:</h2>

   * Component: ARM::CMSIS:CORE:3.40.0
      Source file:   CMSIS\UserCodeTemplates\ARM\ITM_Retarget.c
</pre>
</body>
</html>
