Component: ARM Compiler 5.05 update 1 (build 106) Tool: armlink [4d0efa]

==============================================================================

Section Cross References

    system_stm32f10x.o(.text) refers to system_stm32f10x.o(.data) for SystemCoreClock
    startup_stm32f10x_hd.o(RESET) refers to startup_stm32f10x_hd.o(STACK) for __initial_sp
    startup_stm32f10x_hd.o(RESET) refers to startup_stm32f10x_hd.o(.text) for Reset_Handler
    startup_stm32f10x_hd.o(RESET) refers to stm32f10x_it.o(.text) for NMI_Handler
    startup_stm32f10x_hd.o(RESET) refers to test.o(.text) for SysTick_Handler
    startup_stm32f10x_hd.o(RESET) refers to csb.o(.text) for EXTI0_IRQHandler
    startup_stm32f10x_hd.o(RESET) refers to can_drv.o(.text) for USB_LP_CAN1_RX0_IRQHandler
    startup_stm32f10x_hd.o(RESET) refers to exit.o(.text) for TIM2_IRQHandler
    startup_stm32f10x_hd.o(RESET) refers to usart.o(.text) for USART1_IRQHandler
    startup_stm32f10x_hd.o(RESET) refers to timer.o(.text) for TIM8_UP_IRQHandler
    startup_stm32f10x_hd.o(.text) refers to system_stm32f10x.o(.text) for SystemInit
    startup_stm32f10x_hd.o(.text) refers to entry.o(.ARM.Collect$$$$00000000) for __main
    test.o(.text) refers to csb.o(.text) for tran
    test.o(.text) refers to bh1750.o(.text) for Dispose
    test.o(.text) refers to feedback.o(.text) for back_state
    test.o(.text) refers to init.o(.text) for YJ_INIT
    test.o(.text) refers to system_stm32f10x.o(.text) for SystemInit
    test.o(.text) refers to delay_drv.o(.text) for Delay_us_Init
    test.o(.text) refers to stm32f10x_rcc.o(.text) for RCC_GetClocksFreq
    test.o(.text) refers to delay.o(.text) for delay_init_0
    test.o(.text) refers to sys.o(.text) for NVIC_Configuration
    test.o(.text) refers to timer.o(.text) for TIM8_Int_Init
    test.o(.text) refers to usart.o(.text) for uart1_init
    test.o(.text) refers to syn7318.o(.text) for SYN7318_Init
    test.o(.text) refers to canp_hostcom.o(.text) for CanP_Init
    test.o(.text) refers to djqd.o(.text) for STOP
    test.o(.text) refers to rc522_my.o(.text) for rc522_init
    test.o(.text) refers to power_check.o(.text) for Power_Check
    test.o(.text) refers to move.o(.text) for mask_M
    test.o(.text) refers to delay_drv.o(.data) for global_times
    test.o(.text) refers to test.o(.data) for Stop_Flag
    test.o(.text) refers to test.o(.bss) for S_Tab
    test.o(.text) refers to csb.o(.data) for dis
    test.o(.text) refers to feedback.o(.data) for feedback_state1
    test.o(.text) refers to power_check.o(.data) for Electric_Buf
    test.o(.text) refers to infrared.o(.text) for litishow_dir
    test.o(.text) refers to data_channel.o(.data) for Zigbee_Rx_flag
    test.o(.text) refers to data_channel.o(.bss) for Zigb_Rx_Buf
    test.o(.text) refers to infrared.o(.data) for LITISHOW_X
    test.o(.text) refers to hw.o(.text) for Transmition
    test.o(.text) refers to code.o(.text) for dir_change
    test.o(.text) refers to rc522_my.o(.data) for rfid_do
    test.o(.text) refers to rc522_my.o(.bss) for read_rfid_my
    data_channel.o(.text) refers to feedback.o(.text) for back_state
    data_channel.o(.text) refers to uart_my.o(.text) for USART_WIFI_JX
    data_channel.o(.text) refers to feedback.o(.data) for OK_flag
    data_channel.o(.text) refers to exit.o(.data) for rxd1_timer4_1ms
    data_channel.o(.text) refers to data_channel.o(.data) for Wifi_Rx_num
    data_channel.o(.text) refers to data_channel.o(.bss) for Wifi_Rx_Buf
    data_channel.o(.text) refers to uart_my.o(.data) for last_code
    delay_drv.o(.text) refers to timer.o(.text) for TIM5_Int_Init
    delay_drv.o(.text) refers to stm32f10x_tim.o(.text) for TIM_SetAutoreload
    delay_drv.o(.text) refers to delay_drv.o(.data) for delay_ms_const
    sys.o(.text) refers to misc.o(.text) for NVIC_PriorityGroupConfig
    usart.o(.text) refers to stm32f10x_rcc.o(.text) for RCC_APB2PeriphClockCmd
    usart.o(.text) refers to stm32f10x_usart.o(.text) for USART_DeInit
    usart.o(.text) refers to stm32f10x_gpio.o(.text) for GPIO_Init
    usart.o(.text) refers to exit.o(.data) for rxd1_timer4_1ms
    delay.o(.text) refers to delay.o(.data) for fac_us
    init.o(.text) refers to led.o(.text) for LED_Init
    init.o(.text) refers to djqd.o(.text) for DJ_Init
    init.o(.text) refers to bh1750.o(.text) for IIC_Init
    init.o(.text) refers to key.o(.text) for KEY_Init
    init.o(.text) refers to xj.o(.text) for XJ_Init
    init.o(.text) refers to csb.o(.text) for Timer3_Init
    init.o(.text) refers to exit.o(.text) for Timer2_Init
    init.o(.text) refers to timer.o(.text) for TIM6_Int_Init
    init.o(.text) refers to hw.o(.text) for HW_Init
    init.o(.text) refers to syn7318.o(.text) for SYN7318_Init
    init.o(.text) refers to power_check.o(.text) for Electricity_Init
    djqd.o(.text) refers to stm32f10x_tim.o(.text) for TIM_Cmd
    djqd.o(.text) refers to canp_hostcom.o(.text) for Send_UpMotor
    djqd.o(.text) refers to delay.o(.text) for delay_ms
[...]
    SMG_SHOW                                 0x200006fe   Data           8  rc522_my.o(.data)
    SMG_JSK                                  0x20000706   Data           8  rc522_my.o(.data)
    SMG_JSG                                  0x2000070e   Data           8  rc522_my.o(.data)
    SMG_JL                                   0x20000716   Data           8  rc522_my.o(.data)
    CP_SHOW1                                 0x2000071e   Data           6  rc522_my.o(.data)
    CP_SHOW2                                 0x20000724   Data           6  rc522_my.o(.data)
    .data                                    0x20000741   Section      102  infrared.o(.data)
    H_S                                      0x20000741   Data           4  infrared.o(.data)
    H_X                                      0x20000745   Data           4  infrared.o(.data)
    H_SD                                     0x20000749   Data           4  infrared.o(.data)
    HW_K                                     0x2000074d   Data           6  infrared.o(.data)
    HW_G                                     0x20000753   Data           6  infrared.o(.data)
    CP_G1                                    0x20000759   Data           6  infrared.o(.data)
    CP_G2                                    0x2000075f   Data           6  infrared.o(.data)
    SMG_SHOW                                 0x20000765   Data           8  infrared.o(.data)
    SMG_JSK                                  0x2000076d   Data           8  infrared.o(.data)
    SMG_JSG                                  0x20000775   Data           8  infrared.o(.data)
    SMG_JL                                   0x2000077d   Data           8  infrared.o(.data)
    CP_SHOW1                                 0x20000785   Data           6  infrared.o(.data)
    CP_SHOW2                                 0x2000078b   Data           6  infrared.o(.data)
    .data                                    0x200007a7   Section       98  zigbee.o(.data)
    H_S                                      0x200007a7   Data           4  zigbee.o(.data)
    H_X                                      0x200007ab   Data           4  zigbee.o(.data)
    H_SD                                     0x200007af   Data           4  zigbee.o(.data)
    HW_K                                     0x200007b3   Data           6  zigbee.o(.data)
    HW_G                                     0x200007b9   Data           6  zigbee.o(.data)
    CP_G1                                    0x200007bf   Data           6  zigbee.o(.data)
    CP_G2                                    0x200007c5   Data           6  zigbee.o(.data)
    SMG_SHOW                                 0x200007cb   Data           8  zigbee.o(.data)
    SMG_JSK                                  0x200007d3   Data           8  zigbee.o(.data)
    SMG_JSG                                  0x200007db   Data           8  zigbee.o(.data)
    SMG_JL                                   0x200007e3   Data           8  zigbee.o(.data)
    CP_SHOW1                                 0x200007eb   Data           6  zigbee.o(.data)
    CP_SHOW2                                 0x200007f1   Data           6  zigbee.o(.data)
    .bss                                     0x2000080c   Section       32  test.o(.bss)
    .bss                                     0x2000082c   Section      400  data_channel.o(.bss)
    .bss                                     0x200009bc   Section      240  usart.o(.bss)
    .bss                                     0x20000aac   Section       40  can_drv.o(.bss)
    TxMessage                                0x20000aac   Data          20  can_drv.o(.bss)
    RxMessage                                0x20000ac0   Data          20  can_drv.o(.bss)
    .bss                                     0x20000ad4   Section      384  canp_hostcom.o(.bss)
    .bss                                     0x20000c54   Section     2252  move.o(.bss)
    .bss                                     0x20001520   Section       16  rc522_my.o(.bss)
    STACK                                    0x20001530   Section     1024  startup_stm32f10x_hd.o(STACK)

    Global Symbols

    Symbol Name                              Value     Ov Type        Size  Object(Section)

    BuildAttributes$$THM_ISAv4$P$D$K$B$S$PE$A:L22UL41UL21$X:L11$S22US41US21$IEEE1$IW$USESV6$~STKCKD$USESV7$~SHL$OTIME$ROPI$EBA8$MICROLIB$REQ8$PRES8$EABIv2 0x00000000   Number         0  anon$$obj.o ABSOLUTE
    __ARM_use_no_argv                        0x00000000   Number         0  test.o ABSOLUTE
    __cpp_initialize__aeabi_                  - Undefined Weak Reference
    __cxa_finalize                            - Undefined Weak Reference
    _clock_init                               - Undefined Weak Reference
    _microlib_exit                            - Undefined Weak Reference
    __Vectors_Size                           0x00000130   Number         0  startup_stm32f10x_hd.o ABSOLUTE
    __Vectors                                0x08000000   Data           4  startup_stm32f10x_hd.o(RESET)
    __Vectors_End                            0x08000130   Data           0  startup_stm32f10x_hd.o(RESET)
    __main                                   0x08000131   Thumb Code     0  entry.o(.ARM.Collect$$$$00000000)
    _main_stk                                0x08000131   Thumb Code     0  entry2.o(.ARM.Collect$$$$00000001)
    _main_scatterload                        0x08000135   Thumb Code     0  entry5.o(.ARM.Collect$$$$00000004)
    __main_after_scatterload                 0x08000139   Thumb Code     0  entry5.o(.ARM.Collect$$$$00000004)
    _main_clock                              0x08000139   Thumb Code     0  entry7b.o(.ARM.Collect$$$$00000008)
    _main_cpp_init                           0x08000139   Thumb Code     0  entry8b.o(.ARM.Collect$$$$0000000A)
    _main_init                               0x08000139   Thumb Code     0  entry9a.o(.ARM.Collect$$$$0000000B)
    __rt_final_cpp                           0x08000141   Thumb Code     0  entry10a.o(.ARM.Collect$$$$0000000D)
    __rt_final_exit                          0x08000141   Thumb Code     0  entry11a.o(.ARM.Collect$$$$0000000F)
    SystemInit                               0x08000223   Thumb Code    78  system_stm32f10x.o(.text)
    SystemCoreClockUpdate                    0x08000271   Thumb Code   142  system_stm32f10x.o(.text)
    Reset_Handler                            0x08000325   Thumb Code     8  startup_stm32f10x_hd.o(.text)
    ADC1_2_IRQHandler                        0x0800033f   Thumb Code     0  startup_stm32f10x_hd.o(.text)
    ADC3_IRQHandler                          0x0800033f   Thumb Code     0  startup_stm32f10x_hd.o(.text)
    CAN1_RX1_IRQHandler                      0x0800033f   Thumb Code     0  startup_stm32f10x_hd.o(.text)
    CAN1_SCE_IRQHandler                      0x0800033f   Thumb Code     0  startup_stm32f10x_hd.o(.text)
    DMA1_Channel1_IRQHandler                 0x0800033f   Thumb Code     0  startup_stm32f10x_hd.o(.text)
    DMA1_Channel2_IRQHandler                 0x0800033f   Thumb Code     0  startup_stm32f10x_hd.o(.text)
    DMA1_Channel3_IRQHandler                 0x0800033f   Thumb Code     0  startup_stm32f10x_hd.o(.text)
    DMA1_Channel4_IRQHandler                 0x0800033f   Thumb Code     0  startup_stm32f10x_hd.o(.text)
    DMA1_Channel5_IRQHandler                 0x0800033f   Thumb Code     0  startup_stm32f10x_hd.o(.text)
    DMA1_Channel6_IRQHandler                 0x0800033f   Thumb Code     0  startup_stm32f10x_hd.o(.text)
    DMA1_Channel7_IRQHandler                 0x0800033f   Thumb Code     0  startup_stm32f10x_hd.o(.text)
    DMA2_Channel1_IRQHandler                 0x0800033f   Thumb Code     0  startup_stm32f10x_hd.o(.text)
    DMA2_Channel2_IRQHandler                 0x0800033f   Thumb Code     0  startup_stm32f10x_hd.o(.text)
    DMA2_Channel3_IRQHandler                 0x0800033f   Thumb Code     0  startup_stm32f10x_hd.o(.text)
    DMA2_Channel4_5_IRQHandler               0x0800033f   Thumb Code     0  startup_stm32f10x_hd.o(.text)
    EXTI15_10_IRQHandler                     0x0800033f   Thumb Code     0  startup_stm32f10x_hd.o(.text)
    EXTI1_IRQHandler                         0x0800033f   Thumb Code     0  startup_stm32f10x_hd.o(.text)
    EXTI2_IRQHandler                         0x0800033f   Thumb Code     0  startup_stm32f10x_hd.o(.text)
    EXTI3_IRQHandler                         0x0800033f   Thumb Code     0  startup_stm32f10x_hd.o(.text)
    EXTI4_IRQHandler                         0x0800033f   Thumb Code     0  startup_stm32f10x_hd.o(.text)
    FLASH_IRQHandler                         0x0800033f   Thumb Code     0  startup_stm32f10x_hd.o(.text)
    FSMC_IRQHandler                          0x0800033f   Thumb Code     0  startup_stm32f10x_hd.o(.text)
    I2C1_ER_IRQHandler                       0x0800033f   Thumb Code     0  startup_stm32f10x_hd.o(.text)
    I2C1_EV_IRQHandler                       0x0800033f   Thumb Code     0  startup_stm32f10x_hd.o(.text)
    I2C2_ER_IRQHandler                       0x0800033f   Thumb Code     0  startup_stm32f10x_hd.o(.text)
    I2C2_EV_IRQHandler                       0x0800033f   Thumb Code     0  startup_stm32f10x_hd.o(.text)
    PVD_IRQHandler                           0x0800033f   Thumb Code     0  startup_stm32f10x_hd.o(.text)
    RCC_IRQHandler                           0x0800033f   Thumb Code     0  startup_stm32f10x_hd.o(.text)
    RTCAlarm_IRQHandler                      0x0800033f   Thumb Code     0  startup_stm32f10x_hd.o(.text)
    RTC_IRQHandler                           0x0800033f   Thumb Code     0  startup_stm32f10x_hd.o(.text)
    SDIO_IRQHandler                          0x0800033f   Thumb Code     0  startup_stm32f10x_hd.o(.text)
    SPI1_IRQHandler                          0x0800033f   Thumb Code     0  startup_stm32f10x_hd.o(.text)
    SPI2_IRQHandler                          0x0800033f   Thumb Code     0  startup_stm32f10x_hd.o(.text)
    SPI3_IRQHandler                          0x0800033f   Thumb Code     0  startup_stm32f10x_hd.o(.text)
    TAMPER_IRQHandler                        0x0800033f   Thumb Code     0  startup_stm32f10x_hd.o(.text)
    TIM1_BRK_IRQHandler                      0x0800033f   Thumb Code     0  startup_stm32f10x_hd.o(.text)
    TIM1_CC_IRQHandler                       0x0800033f   Thumb Code     0  startup_stm32f10x_hd.o(.text)
    TIM1_TRG_COM_IRQHandler                  0x0800033f   Thumb Code     0  startup_stm32f10x_hd.o(.text)
    TIM1_UP_IRQHandler                       0x0800033f   Thumb Code     0  startup_stm32f10x_hd.o(.text)
    TIM5_IRQHandler                          0x0800033f   Thumb Code     0  startup_stm32f10x_hd.o(.text)
    TIM7_IRQHandler                          0x0800033f   Thumb Code     0  startup_stm32f10x_hd.o(.text)
    TIM8_BRK_IRQHandler                      0x0800033f   Thumb Code     0  startup_stm32f10x_hd.o(.text)
    TIM8_CC_IRQHandler                       0x0800033f   Thumb Code     0  startup_stm32f10x_hd.o(.text)
    TIM8_TRG_COM_IRQHandler                  0x0800033f   Thumb Code     0  startup_stm32f10x_hd.o(.text)
    UART4_IRQHandler                         0x0800033f   Thumb Code     0  startup_stm32f10x_hd.o(.text)
    UART5_IRQHandler                         0x0800033f   Thumb Code     0  startup_stm32f10x_hd.o(.text)
    USART3_IRQHandler                        0x0800033f   Thumb Code     0  startup_stm32f10x_hd.o(.text)
    USBWakeUp_IRQHandler                     0x0800033f   Thumb Code     0  startup_stm32f10x_hd.o(.text)
    USB_HP_CAN1_TX_IRQHandler                0x0800033f   Thumb Code     0  startup_stm32f10x_hd.o(.text)
    WWDG_IRQHandler                          0x0800033f   Thumb Code     0  startup_stm32f10x_hd.o(.text)
    NMI_Handler                              0x08000349   Thumb Code     2  stm32f10x_it.o(.text)
    HardFault_Handler                        0x0800034b   Thumb Code     4  stm32f10x_it.o(.text)
    MemManage_Handler                        0x0800034f   Thumb Code     4  stm32f10x_it.o(.text)
    BusFault_Handler                         0x08000353   Thumb Code     4  stm32f10x_it.o(.text)
    UsageFault_Handler                       0x08000357   Thumb Code     4  stm32f10x_it.o(.text)
    SVC_Handler                              0x0800035b   Thumb Code     2  stm32f10x_it.o(.text)
    DebugMon_Handler                         0x0800035d   Thumb Code     2  stm32f10x_it.o(.text)
    PendSV_Handler                           0x0800035f   Thumb Code     2  stm32f10x_it.o(.text)
    SysTick_Handler                          0x08000361   Thumb Code    28  test.o(.text)
    check_send4state                         0x0800037d   Thumb Code   502  test.o(.text)
    IO_Init                                  0x08000573   Thumb Code   144  test.o(.text)
    main                                     0x08000603   Thumb Code  3130  test.o(.text)
    Wifi_data_Receive                        0x08001269   Thumb Code    78  data_channel.o(.text)
    Zigbee_data_Receive                      0x080012b7   Thumb Code   468  data_channel.o(.text)
    Delay_us_Init                            0x080014bd   Thumb Code    12  delay_drv.o(.text)
    delay_us                                 0x080014c9   Thumb Code    80  delay_drv.o(.text)
    sleep                                    0x08001519   Thumb Code    12  delay_drv.o(.text)
    delay_ms_set                             0x08001525   Thumb Code     6  delay_drv.o(.text)
    delay_ms_getlost                         0x0800152b   Thumb Code     6  delay_drv.o(.text)
    delay_ms_endcheck                        0x08001531   Thumb Code    14  delay_drv.o(.text)
    gt_get                                   0x0800153f   Thumb Code     6  delay_drv.o(.text)
    gt_get_sub                               0x08001545   Thumb Code    20  delay_drv.o(.text)
    NVIC_Configuration                       0x08001565   Thumb Code    38  sys.o(.text)
    USART1_IRQHandler                        0x0800158d   Thumb Code    14  usart.o(.text)
    USART2_IRQHandler                        0x0800159b   Thumb Code     8  usart.o(.text)
    uart1_init                               0x080015a3   Thumb Code   134  usart.o(.text)
    uart2_init                               0x08001629   Thumb Code   134  usart.o(.text)
    Delay                                    0x080016af   Thumb Code    18  usart.o(.text)
    U1SendChar                               0x080016c1   Thumb Code    26  usart.o(.text)
    U2SendChar                               0x080016db   Thumb Code    26  usart.o(.text)
    GetKey                                   0x080016f5   Thumb Code    26  usart.o(.text)
    U1Send_String                            0x0800170f   Thumb Code    22  usart.o(.text)
    delay_init_0                             0x08001739   Thumb Code    56  delay.o(.text)
    delay_ms                                 0x08001771   Thumb Code    56  delay.o(.text)
    LED_Init                                 0x080017b1   Thumb Code    58  led.o(.text)
    YJ_INIT                                  0x080017f5   Thumb Code   160  init.o(.text)
    DJ_Init                                  0x0800189d   Thumb Code    86  djqd.o(.text)
    STOP                                     0x080018f3   Thumb Code    52  djqd.o(.text)
    PWM_Init                                 0x08001927   Thumb Code   308  djqd.o(.text)
    Control                                  0x08001a5b   Thumb Code   194  djqd.o(.text)
    Go_Test                                  0x08001b1d   Thumb Code    46  djqd.o(.text)
    Back_Test                                0x08001b4b   Thumb Code    52  djqd.o(.text)
    Left_Test                                0x08001b7f   Thumb Code    46  djqd.o(.text)
    Right_Test                               0x08001bad   Thumb Code    48  djqd.o(.text)
    Track_Test                               0x08001bdd   Thumb Code    42  djqd.o(.text)
    Stop_Test                                0x08001c07   Thumb Code    38  djqd.o(.text)
    IIC_Init                                 0x08001c79   Thumb Code    36  bh1750.o(.text)
    BH1750_Start                             0x08001c9d   Thumb Code    42  bh1750.o(.text)
    BH1750_Stop                              0x08001cc7   Thumb Code    36  bh1750.o(.text)
    BH1750_SendACK                           0x08001ceb   Thumb Code    50  bh1750.o(.text)
    BH1750_RecvACK                           0x08001d1d   Thumb Code    42  bh1750.o(.text)
    BH1750_SendByte                          0x08001d47   Thumb Code    74  bh1750.o(.text)
    BH1750_RecvByte                          0x08001d91   Thumb Code    70  bh1750.o(.text)
    Single_Write_BH1750                      0x08001dd7   Thumb Code    26  bh1750.o(.text)
    Multiple_Read_BH1750                     0x08001df1   Thumb Code    62  bh1750.o(.text)
    BH1750_Init                              0x08001e2f   Thumb Code    18  bh1750.o(.text)
    Dispose                                  0x08001e41   Thumb Code    86  bh1750.o(.text)
    Bh1750_Test                              0x08001e97   Thumb Code    74  bh1750.o(.text)
    KEY_Init                                 0x08001f11   Thumb Code    52  key.o(.text)
    XJ_Init                                  0x08001f51   Thumb Code     2  xj.o(.text)
    Track_Usart2_Open                        0x08001f53   Thumb Code     8  xj.o(.text)
    Track_Usart2_Close                       0x08001f5b   Thumb Code     8  xj.o(.text)
    Track                                    0x08001f63   Thumb Code   606  xj.o(.text)
    Xj_Track_Test                            0x080021c1   Thumb Code    82  xj.o(.text)
    jscsb                                    0x0800224d   Thumb Code    70  csb.o(.text)
    EXTI9_5_IRQHandler                       0x08002293   Thumb Code    34  csb.o(.text)
    EXTI0_IRQHandler                         0x080022b5   Thumb Code    62  csb.o(.text)
    EXTIX_Init                               0x080022f3   Thumb Code   274  csb.o(.text)
    TIM3_IRQHandler                          0x08002405   Thumb Code    40  csb.o(.text)
    Timer3_Init                              0x0800242d   Thumb Code    96  csb.o(.text)
    tran                                     0x0800248d   Thumb Code    76  csb.o(.text)
    HW_Init                                  0x0800251d   Thumb Code    58  hw.o(.text)
    Transmition                              0x08002557   Thumb Code   170  hw.o(.text)
    TIM2_IRQHandler                          0x08002611   Thumb Code   344  exit.o(.text)
    Timer2_Init                              0x08002769   Thumb Code    98  exit.o(.text)
    TIM4_IRQHandler                          0x080027cb   Thumb Code    70  exit.o(.text)
    Timer4_Init                              0x08002811   Thumb Code   100  exit.o(.text)
    USART_WIFI_JX                            0x080028b1   Thumb Code    52  uart_my.o(.text)
    Normal_data                              0x080028e5   Thumb Code   190  uart_my.o(.text)
    Abnormal_data                            0x080029a3   Thumb Code   268  uart_my.o(.text)
    send_data_zigbee                         0x08002aaf   Thumb Code    22  uart_my.o(.text)
    send_data_wifi                           0x08002ac5   Thumb Code    16  uart_my.o(.text)
    CanDrv_HSpeedMode                        0x08002aed   Thumb Code    30  can_drv.o(.text)
    CanDrv_Hinit                             0x08002b0b   Thumb Code   296  can_drv.o(.text)
    CanDrv_Sinit                             0x08002c33   Thumb Code    10  can_drv.o(.text)
    USB_LP_CAN1_RX0_IRQHandler               0x08002c3d   Thumb Code    14  can_drv.o(.text)
    CanDrv_TxEmptyCheck                      0x08002c4b   Thumb Code    20  can_drv.o(.text)
    CanDrv_TxData                            0x08002c5f   Thumb Code   106  can_drv.o(.text)
    CanDrv_TxStatus                          0x08002cc9   Thumb Code    14  can_drv.o(.text)
    CanDrv_TxDelay                           0x08002cd7   Thumb Code    56  can_drv.o(.text)
    CanDrv_WhaitTxEmpty                      0x08002d0f   Thumb Code    14  can_drv.o(.text)
    CanDrv_RxCheck                           0x08002d1d   Thumb Code    12  can_drv.o(.text)
    CanDrv_RxData                            0x08002d29   Thumb Code    50  can_drv.o(.text)
    CanDrv_RxGetMeesage                      0x08002d5b   Thumb Code    34  can_drv.o(.text)
    CanDrv_FiterUpdata                       0x08002de3   Thumb Code   650  can_drv.o(.text)
    CanP_FifoInitS                           0x0800306d   Thumb Code    22  canp_hostcom.o(.text)
    CanP_FifoInit                            0x08003083   Thumb Code    54  canp_hostcom.o(.text)
    CanP_Init                                0x080030b9   Thumb Code    36  canp_hostcom.o(.text)
    CanP_test_tbuf_init                      0x080030dd   Thumb Code     2  canp_hostcom.o(.text)
    CanP_TestFifo                            0x080030df   Thumb Code    74  canp_hostcom.o(.text)
    CanP_Check                               0x08003129   Thumb Code    52  canp_hostcom.o(.text)
    CanP_CanRx_Irq                           0x0800315d   Thumb Code   146  canp_hostcom.o(.text)
    CanP_CanRx_Check                         0x080031ef   Thumb Code    18  canp_hostcom.o(.text)
    Host_Receive_UpTrack                     0x08003201   Thumb Code     8  canp_hostcom.o(.text)
    CanP_Host_Main                           0x08003209   Thumb Code   178  canp_hostcom.o(.text)
    CanP_WaitTx                              0x080032bb   Thumb Code    32  canp_hostcom.o(.text)
    CanP_CanTx_Check                         0x080032db   Thumb Code   110  canp_hostcom.o(.text)
    Send_Electric                            0x08003349   Thumb Code    44  canp_hostcom.o(.text)
    Send_Debug_Info                          0x08003375   Thumb Code    30  canp_hostcom.o(.text)
    Send_UpMotor                             0x08003393   Thumb Code    52  canp_hostcom.o(.text)
    Get_Host_UpTrack                         0x080033c7   Thumb Code    44  canp_hostcom.o(.text)
    Set_Track_Pwr                            0x080033f3   Thumb Code    44  canp_hostcom.o(.text)
    Set_Track_Yzbj                           0x0800341f   Thumb Code    50  canp_hostcom.o(.text)
    Set_Track_Init                           0x08003451   Thumb Code   130  canp_hostcom.o(.text)
    Host_Set_UpTrack                         0x080034d3   Thumb Code    36  canp_hostcom.o(.text)
    Host_Open_UpTrack                        0x080034f7   Thumb Code    12  canp_hostcom.o(.text)
    Host_Close_UpTrack                       0x08003503   Thumb Code    30  canp_hostcom.o(.text)
    Send_ZigbeeData_To_Fifo                  0x08003521   Thumb Code    18  canp_hostcom.o(.text)
    Send_WifiData_To_Fifo                    0x08003533   Thumb Code    18  canp_hostcom.o(.text)
    FifoDrv_Init                             0x0800354d   Thumb Code    36  fifo_drv.o(.text)
    FifoDrv_StructCheck                      0x08003571   Thumb Code    36  fifo_drv.o(.text)
    FifoDrv_CheckWriteEn                     0x08003595   Thumb Code    28  fifo_drv.o(.text)
    FifoDrv_WriteOne                         0x080035b1   Thumb Code    44  fifo_drv.o(.text)
    FifoDrv_CheckReadEn                      0x080035dd   Thumb Code    48  fifo_drv.o(.text)
    FifoDrv_ReadOne                          0x0800360d   Thumb Code    48  fifo_drv.o(.text)
    FifoDrv_BufWrite                         0x0800363d   Thumb Code    40  fifo_drv.o(.text)
    FifoDrv_BufRead                          0x08003665   Thumb Code    42  fifo_drv.o(.text)
    Adc_Init                                 0x08003691   Thumb Code   132  adc.o(.text)
    Get_Adc                                  0x08003715   Thumb Code    46  adc.o(.text)
    Get_Adc_Average                          0x08003743   Thumb Code    46  adc.o(.text)
    Get_Electricity                          0x08003779   Thumb Code    46  power_check.o(.text)
    Parameter_Init                           0x080037a7   Thumb Code    70  power_check.o(.text)
    Electricity_Init                         0x080037ed   Thumb Code    12  power_check.o(.text)
    Power_Check                              0x080037f9   Thumb Code   226  power_check.o(.text)
    TIM5_Int_Init                            0x08003901   Thumb Code    60  timer.o(.text)
    TIM6_Int_Init                            0x0800393d   Thumb Code    98  timer.o(.text)
    TIM6_IRQHandler                          0x0800399f   Thumb Code    30  timer.o(.text)
    TIM8_Int_Init                            0x080039bd   Thumb Code   100  timer.o(.text)
    TIM8_UP_IRQHandler                       0x08003a21   Thumb Code   372  timer.o(.text)
    Delay1ms                                 0x08003bc5   Thumb Code    10  syn7318.o(.text)
    Delay500ms                               0x08003bcf   Thumb Code    12  syn7318.o(.text)
    SYN7318_Init                             0x08003bdb   Thumb Code    62  syn7318.o(.text)
    SYN7318_Get_char                         0x08003c19   Thumb Code    30  syn7318.o(.text)
    SYN7318_Get_String                       0x08003c37   Thumb Code    26  syn7318.o(.text)
    SYN7318_Rst                              0x08003c51   Thumb Code    72  syn7318.o(.text)
    SYN7318_Open                             0x08003c99   Thumb Code    12  syn7318.o(.text)
    SYN7318_Close                            0x08003ca5   Thumb Code    12  syn7318.o(.text)
    SYN7318_Put_Char                         0x08003cb1   Thumb Code    12  syn7318.o(.text)
    SYN7318_Put_String                       0x08003cbd   Thumb Code    24  syn7318.o(.text)
    SYN_TTS                                  0x08003cd5   Thumb Code   114  syn7318.o(.text)
    SYN_MP3                                  0x08003d47   Thumb Code    70  syn7318.o(.text)
    Start_ASR                                0x08003d8d   Thumb Code    90  syn7318.o(.text)
    Stop_ASR                                 0x08003de7   Thumb Code    44  syn7318.o(.text)
    Dict_TTS                                 0x08003e13   Thumb Code    84  syn7318.o(.text)
    Start_WakeUp                             0x08003e67   Thumb Code    80  syn7318.o(.text)
    Yu_Yin_Asr                               0x08003eb7   Thumb Code  2344  syn7318.o(.text)
    Three_One                                0x080047df   Thumb Code   172  syn7318.o(.text)
    Status_Query                             0x0800488b   Thumb Code    60  syn7318.o(.text)
    SYN7318_Test                             0x080048c7   Thumb Code   292  syn7318.o(.text)
    SYN7318_Test_                            0x080049eb   Thumb Code   200  syn7318.o(.text)
    Three_One_Test                           0x08004ab3   Thumb Code   158  syn7318.o(.text)
    htTrack                                  0x08004c75   Thumb Code   532  htxj.o(.text)
    NVIC_PriorityGroupConfig                 0x08004ead   Thumb Code    10  misc.o(.text)
    NVIC_Init                                0x08004eb7   Thumb Code   100  misc.o(.text)
    NVIC_SetVectorTable                      0x08004f1b   Thumb Code    14  misc.o(.text)
    NVIC_SystemLPConfig                      0x08004f29   Thumb Code    34  misc.o(.text)
    SysTick_CLKSourceConfig                  0x08004f4b   Thumb Code    40  misc.o(.text)
    ADC_DeInit                               0x08004f89   Thumb Code    78  stm32f10x_adc.o(.text)
    ADC_Init                                 0x08004fd7   Thumb Code    70  stm32f10x_adc.o(.text)
    ADC_StructInit                           0x0800501d   Thumb Code    18  stm32f10x_adc.o(.text)
    ADC_Cmd                                  0x0800502f   Thumb Code    22  stm32f10x_adc.o(.text)
    ADC_DMACmd                               0x08005045   Thumb Code    22  stm32f10x_adc.o(.text)
    ADC_ITConfig                             0x0800505b   Thumb Code    24  stm32f10x_adc.o(.text)
    ADC_ResetCalibration                     0x08005073   Thumb Code    10  stm32f10x_adc.o(.text)
    ADC_GetResetCalibrationStatus            0x0800507d   Thumb Code    20  stm32f10x_adc.o(.text)
    ADC_StartCalibration                     0x08005091   Thumb Code    10  stm32f10x_adc.o(.text)
    ADC_GetCalibrationStatus                 0x0800509b   Thumb Code    20  stm32f10x_adc.o(.text)
    ADC_SoftwareStartConvCmd                 0x080050af   Thumb Code    22  stm32f10x_adc.o(.text)
    ADC_GetSoftwareStartConvStatus           0x080050c5   Thumb Code    20  stm32f10x_adc.o(.text)
    ADC_DiscModeChannelCountConfig           0x080050d9   Thumb Code    24  stm32f10x_adc.o(.text)
    ADC_DiscModeCmd                          0x080050f1   Thumb Code    22  stm32f10x_adc.o(.text)
    ADC_RegularChannelConfig                 0x08005107   Thumb Code   184  stm32f10x_adc.o(.text)
    ADC_ExternalTrigConvCmd                  0x080051bf   Thumb Code    22  stm32f10x_adc.o(.text)
    ADC_GetConversionValue                   0x080051d5   Thumb Code     8  stm32f10x_adc.o(.text)
    ADC_GetDualModeConversionValue           0x080051dd   Thumb Code     8  stm32f10x_adc.o(.text)
    ADC_AutoInjectedConvCmd                  0x080051e5   Thumb Code    22  stm32f10x_adc.o(.text)
    ADC_InjectedDiscModeCmd                  0x080051fb   Thumb Code    22  stm32f10x_adc.o(.text)
    ADC_ExternalTrigInjectedConvConfig       0x08005211   Thumb Code    16  stm32f10x_adc.o(.text)
    ADC_ExternalTrigInjectedConvCmd          0x08005221   Thumb Code    22  stm32f10x_adc.o(.text)
    ADC_SoftwareStartInjectedConvCmd         0x08005237   Thumb Code    22  stm32f10x_adc.o(.text)
    ADC_GetSoftwareStartInjectedConvCmdStatus 0x0800524d   Thumb Code    20  stm32f10x_adc.o(.text)
    ADC_InjectedChannelConfig                0x08005261   Thumb Code   130  stm32f10x_adc.o(.text)
    ADC_InjectedSequencerLengthConfig        0x080052e3   Thumb Code    24  stm32f10x_adc.o(.text)
    ADC_SetInjectedOffset                    0x080052fb   Thumb Code    20  stm32f10x_adc.o(.text)
    ADC_GetInjectedConversionValue           0x0800530f   Thumb Code    28  stm32f10x_adc.o(.text)
    ADC_AnalogWatchdogCmd                    0x0800532b   Thumb Code    16  stm32f10x_adc.o(.text)
    ADC_AnalogWatchdogThresholdsConfig       0x0800533b   Thumb Code     6  stm32f10x_adc.o(.text)
    ADC_AnalogWatchdogSingleChannelConfig    0x08005341   Thumb Code    16  stm32f10x_adc.o(.text)
    ADC_TempSensorVrefintCmd                 0x08005351   Thumb Code    64  stm32f10x_adc.o(.text)
    ADC_GetFlagStatus                        0x08005391   Thumb Code    18  stm32f10x_adc.o(.text)
    ADC_ClearFlag                            0x080053a3   Thumb Code     6  stm32f10x_adc.o(.text)
    ADC_GetITStatus                          0x080053a9   Thumb Code    36  stm32f10x_adc.o(.text)
    ADC_ClearITPendingBit                    0x080053cd   Thumb Code    10  stm32f10x_adc.o(.text)
    CAN_DeInit                               0x080053d9   Thumb Code    50  stm32f10x_can.o(.text)
    CAN_Init                                 0x0800540b   Thumb Code   276  stm32f10x_can.o(.text)
    CAN_FilterInit                           0x0800551f   Thumb Code   258  stm32f10x_can.o(.text)
    CAN_StructInit                           0x08005621   Thumb Code    36  stm32f10x_can.o(.text)
    CAN_SlaveStartBank                       0x08005645   Thumb Code    48  stm32f10x_can.o(.text)
    CAN_DBGFreeze                            0x08005675   Thumb Code    22  stm32f10x_can.o(.text)
    CAN_TTComModeCmd                         0x0800568b   Thumb Code   118  stm32f10x_can.o(.text)
    CAN_Transmit                             0x08005701   Thumb Code   304  stm32f10x_can.o(.text)
    CAN_TransmitStatus                       0x08005831   Thumb Code   138  stm32f10x_can.o(.text)
    CAN_CancelTransmit                       0x080058bb   Thumb Code    48  stm32f10x_can.o(.text)
    CAN_Receive                              0x080058eb   Thumb Code   240  stm32f10x_can.o(.text)
    CAN_FIFORelease                          0x080059db   Thumb Code    22  stm32f10x_can.o(.text)
    CAN_MessagePending                       0x080059f1   Thumb Code    30  stm32f10x_can.o(.text)
    CAN_OperatingModeRequest                 0x08005a0f   Thumb Code   162  stm32f10x_can.o(.text)
    CAN_Sleep                                0x08005ab1   Thumb Code    30  stm32f10x_can.o(.text)
    CAN_WakeUp                               0x08005acf   Thumb Code    48  stm32f10x_can.o(.text)
    CAN_GetLastErrorCode                     0x08005aff   Thumb Code    12  stm32f10x_can.o(.text)
    CAN_GetReceiveErrorCounter               0x08005b0b   Thumb Code    10  stm32f10x_can.o(.text)
    CAN_GetLSBTransmitErrorCounter           0x08005b15   Thumb Code    12  stm32f10x_can.o(.text)
    CAN_ITConfig                             0x08005b21   Thumb Code    18  stm32f10x_can.o(.text)
    CAN_GetFlagStatus                        0x08005b33   Thumb Code   120  stm32f10x_can.o(.text)
    CAN_ClearFlag                            0x08005bab   Thumb Code    52  stm32f10x_can.o(.text)
    CAN_GetITStatus                          0x08005bf1   Thumb Code   310  stm32f10x_can.o(.text)
    CAN_ClearITPendingBit                    0x08005d27   Thumb Code   162  stm32f10x_can.o(.text)
    EXTI_DeInit                              0x08005dcd   Thumb Code    28  stm32f10x_exti.o(.text)
    EXTI_Init                                0x08005de9   Thumb Code   142  stm32f10x_exti.o(.text)
    EXTI_StructInit                          0x08005e77   Thumb Code    16  stm32f10x_exti.o(.text)
    EXTI_GenerateSWInterrupt                 0x08005e87   Thumb Code    16  stm32f10x_exti.o(.text)
    EXTI_GetFlagStatus                       0x08005e97   Thumb Code    22  stm32f10x_exti.o(.text)
    EXTI_ClearFlag                           0x08005ead   Thumb Code     8  stm32f10x_exti.o(.text)
    EXTI_GetITStatus                         0x08005eb5   Thumb Code    34  stm32f10x_exti.o(.text)
    EXTI_ClearITPendingBit                   0x08005ed7   Thumb Code     8  stm32f10x_exti.o(.text)
    GPIO_DeInit                              0x08005ee9   Thumb Code   172  stm32f10x_gpio.o(.text)
    GPIO_AFIODeInit                          0x08005f95   Thumb Code    20  stm32f10x_gpio.o(.text)
    GPIO_Init                                0x08005fa9   Thumb Code   278  stm32f10x_gpio.o(.text)
    GPIO_StructInit                          0x080060bf   Thumb Code    16  stm32f10x_gpio.o(.text)
    GPIO_ReadInputDataBit                    0x080060cf   Thumb Code    18  stm32f10x_gpio.o(.text)
    GPIO_ReadInputData                       0x080060e1   Thumb Code     8  stm32f10x_gpio.o(.text)
    GPIO_ReadOutputDataBit                   0x080060e9   Thumb Code    18  stm32f10x_gpio.o(.text)
    GPIO_ReadOutputData                      0x080060fb   Thumb Code     8  stm32f10x_gpio.o(.text)
    GPIO_SetBits                             0x08006103   Thumb Code     4  stm32f10x_gpio.o(.text)
    GPIO_ResetBits                           0x08006107   Thumb Code     4  stm32f10x_gpio.o(.text)
    GPIO_WriteBit                            0x0800610b   Thumb Code    10  stm32f10x_gpio.o(.text)
    GPIO_Write                               0x08006115   Thumb Code     4  stm32f10x_gpio.o(.text)
    GPIO_PinLockConfig                       0x08006119   Thumb Code    18  stm32f10x_gpio.o(.text)
    GPIO_EventOutputConfig                   0x0800612b   Thumb Code    26  stm32f10x_gpio.o(.text)
    GPIO_EventOutputCmd                      0x08006145   Thumb Code     6  stm32f10x_gpio.o(.text)
    GPIO_PinRemapConfig                      0x0800614b   Thumb Code   138  stm32f10x_gpio.o(.text)
    GPIO_EXTILineConfig                      0x080061d5   Thumb Code    66  stm32f10x_gpio.o(.text)
    GPIO_ETH_MediaInterfaceConfig            0x08006217   Thumb Code     8  stm32f10x_gpio.o(.text)
    RCC_DeInit                               0x08006245   Thumb Code    64  stm32f10x_rcc.o(.text)
    RCC_HSEConfig                            0x08006285   Thumb Code    70  stm32f10x_rcc.o(.text)
    RCC_GetFlagStatus                        0x080062cb   Thumb Code    56  stm32f10x_rcc.o(.text)
    RCC_WaitForHSEStartUp                    0x08006303   Thumb Code    56  stm32f10x_rcc.o(.text)
    RCC_AdjustHSICalibrationValue            0x0800633b   Thumb Code    20  stm32f10x_rcc.o(.text)
    RCC_HSICmd                               0x0800634f   Thumb Code     6  stm32f10x_rcc.o(.text)
    RCC_PLLConfig                            0x08006355   Thumb Code    24  stm32f10x_rcc.o(.text)
    RCC_PLLCmd                               0x0800636d   Thumb Code     6  stm32f10x_rcc.o(.text)
    RCC_SYSCLKConfig                         0x08006373   Thumb Code    18  stm32f10x_rcc.o(.text)
    RCC_GetSYSCLKSource                      0x08006385   Thumb Code    10  stm32f10x_rcc.o(.text)
    RCC_HCLKConfig                           0x0800638f   Thumb Code    18  stm32f10x_rcc.o(.text)
    RCC_PCLK1Config                          0x080063a1   Thumb Code    18  stm32f10x_rcc.o(.text)
    RCC_PCLK2Config                          0x080063b3   Thumb Code    20  stm32f10x_rcc.o(.text)
    RCC_ITConfig                             0x080063c7   Thumb Code    26  stm32f10x_rcc.o(.text)
    RCC_USBCLKConfig                         0x080063e1   Thumb Code     8  stm32f10x_rcc.o(.text)
    RCC_ADCCLKConfig                         0x080063e9   Thumb Code    18  stm32f10x_rcc.o(.text)
    RCC_LSEConfig                            0x080063fb   Thumb Code    50  stm32f10x_rcc.o(.text)
    RCC_LSICmd                               0x0800642d   Thumb Code     6  stm32f10x_rcc.o(.text)
    RCC_RTCCLKConfig                         0x08006433   Thumb Code    12  stm32f10x_rcc.o(.text)
    RCC_RTCCLKCmd                            0x0800643f   Thumb Code     8  stm32f10x_rcc.o(.text)
    RCC_GetClocksFreq                        0x08006447   Thumb Code   192  stm32f10x_rcc.o(.text)
    RCC_AHBPeriphClockCmd                    0x08006507   Thumb Code    26  stm32f10x_rcc.o(.text)
    RCC_APB2PeriphClockCmd                   0x08006521   Thumb Code    26  stm32f10x_rcc.o(.text)
    RCC_APB1PeriphClockCmd                   0x0800653b   Thumb Code    26  stm32f10x_rcc.o(.text)
    RCC_APB2PeriphResetCmd                   0x08006555   Thumb Code    26  stm32f10x_rcc.o(.text)
    RCC_APB1PeriphResetCmd                   0x0800656f   Thumb Code    26  stm32f10x_rcc.o(.text)
    RCC_BackupResetCmd                       0x08006589   Thumb Code     8  stm32f10x_rcc.o(.text)
    RCC_ClockSecuritySystemCmd               0x08006591   Thumb Code     6  stm32f10x_rcc.o(.text)
    RCC_MCOConfig                            0x08006597   Thumb Code     6  stm32f10x_rcc.o(.text)
    RCC_ClearFlag                            0x0800659d   Thumb Code    14  stm32f10x_rcc.o(.text)
    RCC_GetITStatus                          0x080065ab   Thumb Code    20  stm32f10x_rcc.o(.text)
    RCC_ClearITPendingBit                    0x080065bf   Thumb Code     6  stm32f10x_rcc.o(.text)
    TIM_DeInit                               0x080065e9   Thumb Code   424  stm32f10x_tim.o(.text)
    TIM_TimeBaseInit                         0x08006791   Thumb Code   122  stm32f10x_tim.o(.text)
    TIM_OC1Init                              0x0800680b   Thumb Code   132  stm32f10x_tim.o(.text)
    TIM_OC2Init                              0x0800688f   Thumb Code   154  stm32f10x_tim.o(.text)
    TIM_OC3Init                              0x08006929   Thumb Code   150  stm32f10x_tim.o(.text)
    TIM_OC4Init                              0x080069bf   Thumb Code   182  stm32f10x_tim.o(.text)
    TIM_SetIC4Prescaler                      0x08006a75   Thumb Code    26  stm32f10x_tim.o(.text)
    TIM_SetIC3Prescaler                      0x08006b11   Thumb Code    18  stm32f10x_tim.o(.text)
    TIM_SetIC2Prescaler                      0x08006b9d   Thumb Code    26  stm32f10x_tim.o(.text)
    TIM_SetIC1Prescaler                      0x08006c39   Thumb Code    18  stm32f10x_tim.o(.text)
    TIM_ICInit                               0x08006cb7   Thumb Code   150  stm32f10x_tim.o(.text)
    TIM_PWMIConfig                           0x08006d4d   Thumb Code   124  stm32f10x_tim.o(.text)
    TIM_BDTRConfig                           0x08006dc9   Thumb Code    32  stm32f10x_tim.o(.text)
    TIM_TimeBaseStructInit                   0x08006de9   Thumb Code    18  stm32f10x_tim.o(.text)
    TIM_OCStructInit                         0x08006dfb   Thumb Code    20  stm32f10x_tim.o(.text)
    TIM_ICStructInit                         0x08006e0f   Thumb Code    18  stm32f10x_tim.o(.text)
    TIM_BDTRStructInit                       0x08006e21   Thumb Code    40  stm32f10x_tim.o(.text)
    TIM_Cmd                                  0x08006e49   Thumb Code    24  stm32f10x_tim.o(.text)
    TIM_CtrlPWMOutputs                       0x08006e61   Thumb Code    30  stm32f10x_tim.o(.text)
    TIM_ITConfig                             0x08006e7f   Thumb Code    18  stm32f10x_tim.o(.text)
    TIM_GenerateEvent                        0x08006e91   Thumb Code     4  stm32f10x_tim.o(.text)
    TIM_DMAConfig                            0x08006e95   Thumb Code    10  stm32f10x_tim.o(.text)
    TIM_DMACmd                               0x08006e9f   Thumb Code    18  stm32f10x_tim.o(.text)
    TIM_InternalClockConfig                  0x08006eb1   Thumb Code    12  stm32f10x_tim.o(.text)
    TIM_SelectInputTrigger                   0x08006ebd   Thumb Code    18  stm32f10x_tim.o(.text)
    TIM_ITRxExternalClockConfig              0x08006ecf   Thumb Code    24  stm32f10x_tim.o(.text)
    TIM_TIxExternalClockConfig               0x08006ee7   Thumb Code    62  stm32f10x_tim.o(.text)
    TIM_ETRConfig                            0x08006f25   Thumb Code    28  stm32f10x_tim.o(.text)
    TIM_ETRClockMode1Config                  0x08006f41   Thumb Code    54  stm32f10x_tim.o(.text)
    TIM_ETRClockMode2Config                  0x08006f77   Thumb Code    32  stm32f10x_tim.o(.text)
    TIM_PrescalerConfig                      0x08006f97   Thumb Code     6  stm32f10x_tim.o(.text)
    TIM_CounterModeConfig                    0x08006f9d   Thumb Code    18  stm32f10x_tim.o(.text)
    TIM_EncoderInterfaceConfig               0x08006faf   Thumb Code    66  stm32f10x_tim.o(.text)
    TIM_ForcedOC1Config                      0x08006ff1   Thumb Code    18  stm32f10x_tim.o(.text)
    TIM_ForcedOC2Config                      0x08007003   Thumb Code    26  stm32f10x_tim.o(.text)
    TIM_ForcedOC3Config                      0x0800701d   Thumb Code    18  stm32f10x_tim.o(.text)
    TIM_ForcedOC4Config                      0x0800702f   Thumb Code    26  stm32f10x_tim.o(.text)
    TIM_ARRPreloadConfig                     0x08007049   Thumb Code    24  stm32f10x_tim.o(.text)
    TIM_SelectCOM                            0x08007061   Thumb Code    24  stm32f10x_tim.o(.text)
    TIM_SelectCCDMA                          0x08007079   Thumb Code    24  stm32f10x_tim.o(.text)
    TIM_CCPreloadControl                     0x08007091   Thumb Code    24  stm32f10x_tim.o(.text)
    TIM_OC1PreloadConfig                     0x080070a9   Thumb Code    18  stm32f10x_tim.o(.text)
    TIM_OC2PreloadConfig                     0x080070bb   Thumb Code    26  stm32f10x_tim.o(.text)
    TIM_OC3PreloadConfig                     0x080070d5   Thumb Code    18  stm32f10x_tim.o(.text)
    TIM_OC4PreloadConfig                     0x080070e7   Thumb Code    26  stm32f10x_tim.o(.text)
    TIM_OC1FastConfig                        0x08007101   Thumb Code    18  stm32f10x_tim.o(.text)
    TIM_OC2FastConfig                        0x08007113   Thumb Code    26  stm32f10x_tim.o(.text)
    TIM_OC3FastConfig                        0x0800712d   Thumb Code    18  stm32f10x_tim.o(.text)
    TIM_OC4FastConfig                        0x0800713f   Thumb Code    26  stm32f10x_tim.o(.text)
    TIM_ClearOC1Ref                          0x08007159   Thumb Code    18  stm32f10x_tim.o(.text)
    TIM_ClearOC2Ref                          0x0800716b   Thumb Code    24  stm32f10x_tim.o(.text)
    TIM_ClearOC3Ref                          0x08007183   Thumb Code    18  stm32f10x_tim.o(.text)
    TIM_ClearOC4Ref                          0x08007195   Thumb Code    24  stm32f10x_tim.o(.text)
    TIM_OC1PolarityConfig                    0x080071ad   Thumb Code    18  stm32f10x_tim.o(.text)
    TIM_OC1NPolarityConfig                   0x080071bf   Thumb Code    18  stm32f10x_tim.o(.text)
    TIM_OC2PolarityConfig                    0x080071d1   Thumb Code    26  stm32f10x_tim.o(.text)
    TIM_OC2NPolarityConfig                   0x080071eb   Thumb Code    26  stm32f10x_tim.o(.text)
    TIM_OC3PolarityConfig                    0x08007205   Thumb Code    26  stm32f10x_tim.o(.text)
    TIM_OC3NPolarityConfig                   0x0800721f   Thumb Code    26  stm32f10x_tim.o(.text)
    TIM_OC4PolarityConfig                    0x08007239   Thumb Code    26  stm32f10x_tim.o(.text)
    TIM_CCxCmd                               0x08007253   Thumb Code    30  stm32f10x_tim.o(.text)
    TIM_CCxNCmd                              0x08007271   Thumb Code    30  stm32f10x_tim.o(.text)
    TIM_SelectOCxM                           0x0800728f   Thumb Code    82  stm32f10x_tim.o(.text)
    TIM_UpdateDisableConfig                  0x080072e1   Thumb Code    24  stm32f10x_tim.o(.text)
    TIM_UpdateRequestConfig                  0x080072f9   Thumb Code    24  stm32f10x_tim.o(.text)
    TIM_SelectHallSensor                     0x08007311   Thumb Code    24  stm32f10x_tim.o(.text)
    TIM_SelectOnePulseMode                   0x08007329   Thumb Code    18  stm32f10x_tim.o(.text)
    TIM_SelectOutputTrigger                  0x0800733b   Thumb Code    18  stm32f10x_tim.o(.text)
    TIM_SelectSlaveMode                      0x0800734d   Thumb Code    18  stm32f10x_tim.o(.text)
    TIM_SelectMasterSlaveMode                0x0800735f   Thumb Code    18  stm32f10x_tim.o(.text)
    TIM_SetCounter                           0x08007371   Thumb Code     4  stm32f10x_tim.o(.text)
    TIM_SetAutoreload                        0x08007375   Thumb Code     4  stm32f10x_tim.o(.text)
    TIM_SetCompare1                          0x08007379   Thumb Code     4  stm32f10x_tim.o(.text)
    TIM_SetCompare2                          0x0800737d   Thumb Code     4  stm32f10x_tim.o(.text)
    TIM_SetCompare3                          0x08007381   Thumb Code     4  stm32f10x_tim.o(.text)
    TIM_SetCompare4                          0x08007385   Thumb Code     6  stm32f10x_tim.o(.text)
    TIM_SetClockDivision                     0x0800738b   Thumb Code    18  stm32f10x_tim.o(.text)
    TIM_GetCapture1                          0x0800739d   Thumb Code     6  stm32f10x_tim.o(.text)
    TIM_GetCapture2                          0x080073a3   Thumb Code     6  stm32f10x_tim.o(.text)
    TIM_GetCapture3                          0x080073a9   Thumb Code     6  stm32f10x_tim.o(.text)
    TIM_GetCapture4                          0x080073af   Thumb Code     8  stm32f10x_tim.o(.text)
    TIM_GetCounter                           0x080073b7   Thumb Code     6  stm32f10x_tim.o(.text)
    TIM_GetPrescaler                         0x080073bd   Thumb Code     6  stm32f10x_tim.o(.text)
    TIM_GetFlagStatus                        0x080073c3   Thumb Code    18  stm32f10x_tim.o(.text)
    TIM_ClearFlag                            0x080073d5   Thumb Code     6  stm32f10x_tim.o(.text)
    TIM_GetITStatus                          0x080073db   Thumb Code    34  stm32f10x_tim.o(.text)
    TIM_ClearITPendingBit                    0x080073fd   Thumb Code     6  stm32f10x_tim.o(.text)
    USART_DeInit                             0x08007405   Thumb Code   134  stm32f10x_usart.o(.text)
    USART_Init                               0x0800748b   Thumb Code   210  stm32f10x_usart.o(.text)
    USART_StructInit                         0x0800755d   Thumb Code    24  stm32f10x_usart.o(.text)
    USART_ClockInit                          0x08007575   Thumb Code    34  stm32f10x_usart.o(.text)
    USART_ClockStructInit                    0x08007597   Thumb Code    12  stm32f10x_usart.o(.text)
    USART_Cmd                                0x080075a3   Thumb Code    24  stm32f10x_usart.o(.text)
    USART_ITConfig                           0x080075bb   Thumb Code    74  stm32f10x_usart.o(.text)
    USART_DMACmd                             0x08007605   Thumb Code    18  stm32f10x_usart.o(.text)
    USART_SetAddress                         0x08007617   Thumb Code    18  stm32f10x_usart.o(.text)
    USART_WakeUpConfig                       0x08007629   Thumb Code    18  stm32f10x_usart.o(.text)
    USART_ReceiverWakeUpCmd                  0x0800763b   Thumb Code    24  stm32f10x_usart.o(.text)
    USART_LINBreakDetectLengthConfig         0x08007653   Thumb Code    18  stm32f10x_usart.o(.text)
    USART_LINCmd                             0x08007665   Thumb Code    24  stm32f10x_usart.o(.text)
    USART_SendData                           0x0800767d   Thumb Code     8  stm32f10x_usart.o(.text)
    USART_ReceiveData                        0x08007685   Thumb Code    10  stm32f10x_usart.o(.text)
    USART_SendBreak                          0x0800768f   Thumb Code    10  stm32f10x_usart.o(.text)
    USART_SetGuardTime                       0x08007699   Thumb Code    16  stm32f10x_usart.o(.text)
    USART_SetPrescaler                       0x080076a9   Thumb Code    16  stm32f10x_usart.o(.text)
    USART_SmartCardCmd                       0x080076b9   Thumb Code    24  stm32f10x_usart.o(.text)
    USART_SmartCardNACKCmd                   0x080076d1   Thumb Code    24  stm32f10x_usart.o(.text)
    USART_HalfDuplexCmd                      0x080076e9   Thumb Code    24  stm32f10x_usart.o(.text)
    USART_OverSampling8Cmd                   0x08007701   Thumb Code    22  stm32f10x_usart.o(.text)
    USART_OneBitMethodCmd                    0x08007717   Thumb Code    24  stm32f10x_usart.o(.text)
    USART_IrDAConfig                         0x0800772f   Thumb Code    18  stm32f10x_usart.o(.text)
    USART_IrDACmd                            0x08007741   Thumb Code    24  stm32f10x_usart.o(.text)
    USART_GetFlagStatus                      0x08007759   Thumb Code    26  stm32f10x_usart.o(.text)
    USART_ClearFlag                          0x08007773   Thumb Code    18  stm32f10x_usart.o(.text)
    USART_GetITStatus                        0x08007785   Thumb Code    84  stm32f10x_usart.o(.text)
    USART_ClearITPendingBit                  0x080077d9   Thumb Code    52  stm32f10x_usart.o(.text)
    JC_XY                                    0x0800780d   Thumb Code    42  move.o(.text)
    mask_M                                   0x08007837   Thumb Code    32  move.o(.text)
    STOP1                                    0x08007857   Thumb Code    18  move.o(.text)
    CSXJ                                     0x08007869   Thumb Code    48  move.o(.text)
    HTXJ                                     0x08007899   Thumb Code    52  move.o(.text)
    car_go                                   0x080078cd   Thumb Code    52  move.o(.text)
    car_left                                 0x08007901   Thumb Code    88  move.o(.text)
    car_right                                0x08007959   Thumb Code    90  move.o(.text)
    car_half_left                            0x080079b3   Thumb Code    54  move.o(.text)
    car_half_right                           0x080079e9   Thumb Code    56  move.o(.text)
    car_back                                 0x08007a21   Thumb Code    70  move.o(.text)
    car_xj                                   0x08007a67   Thumb Code    68  move.o(.text)
    car_longline                             0x08007aab   Thumb Code    12  move.o(.text)
    car_shortline                            0x08007ab7   Thumb Code    12  move.o(.text)
    longline_flag                            0x08007ac3   Thumb Code    24  move.o(.text)
    shortline_flag                           0x08007adb   Thumb Code    18  move.o(.text)
    front_flag                               0x08007aed   Thumb Code    12  move.o(.text)
    back_flag                                0x08007af9   Thumb Code    14  move.o(.text)
    crossroad_flag                           0x08007b07   Thumb Code    34  move.o(.text)
    obstacle_check                           0x08007b29   Thumb Code    62  move.o(.text)
    check_obstacle                           0x08007b67   Thumb Code   156  move.o(.text)
    recursive                                0x08007c03   Thumb Code   218  move.o(.text)
    breadth                                  0x08007cdd   Thumb Code   488  move.o(.text)
    updata_luxin                             0x08007ec5   Thumb Code   272  move.o(.text)
    car_curxyd                               0x08007fd5   Thumb Code    14  move.o(.text)
    way_dir                                  0x08007fe3   Thumb Code    68  move.o(.text)
    way_run                                  0x08008027   Thumb Code   716  move.o(.text)
    way_car                                  0x080082f3   Thumb Code  1202  move.o(.text)
    back_function                            0x080087cd   Thumb Code    74  feedback.o(.text)
    back_state                               0x08008817   Thumb Code    44  feedback.o(.text)
    RFID_state                               0x08008843   Thumb Code   120  feedback.o(.text)
    voice_appoint                            0x080088bb   Thumb Code    36  feedback.o(.text)
    data_other                               0x080088df   Thumb Code   180  feedback.o(.text)
    rc522_init                               0x080089cd   Thumb Code    16  rc522_my.o(.text)
    rc522_read                               0x080089dd   Thumb Code   228  rc522_my.o(.text)
    myrc522_write                            0x08008ac1   Thumb Code   180  rc522_my.o(.text)
    delay_ns                                 0x08008b85   Thumb Code    18  rc522.o(.text)
    RC522_Uart_init                          0x08008b97   Thumb Code   164  rc522.o(.text)
    Rece_data                                0x08008c3b   Thumb Code    44  rc522.o(.text)
    Send_data                                0x08008c67   Thumb Code    50  rc522.o(.text)
    WriteRawRC                               0x08008c99   Thumb Code    72  rc522.o(.text)
    ReadRawRC                                0x08008ce1   Thumb Code    42  rc522.o(.text)
    SetBitMask                               0x08008d0b   Thumb Code    28  rc522.o(.text)
    PcdAntennaOn                             0x08008d27   Thumb Code    26  rc522.o(.text)
    ClearBitMask                             0x08008d41   Thumb Code    28  rc522.o(.text)
    M500PcdConfigISOType                     0x08008d5d   Thumb Code    94  rc522.o(.text)
    PcdAntennaOff                            0x08008dbb   Thumb Code    12  rc522.o(.text)
    PcdReset                                 0x08008dc7   Thumb Code    68  rc522.o(.text)
    InitRc522                                0x08008e0b   Thumb Code    28  rc522.o(.text)
    Reset_RC522                              0x08008e27   Thumb Code    22  rc522.o(.text)
    PcdComMF522                              0x08008e3d   Thumb Code   314  rc522.o(.text)
    PcdRequest                               0x08008f77   Thumb Code   108  rc522.o(.text)
    PcdAnticoll                              0x08008fe3   Thumb Code   114  rc522.o(.text)
    CalulateCRC                              0x08009055   Thumb Code   108  rc522.o(.text)
    PcdSelect                                0x080090c1   Thumb Code   116  rc522.o(.text)
    PcdAuthState                             0x08009135   Thumb Code   112  rc522.o(.text)
    PcdRead                                  0x080091a5   Thumb Code    86  rc522.o(.text)
    PcdWrite                                 0x080091fb   Thumb Code   150  rc522.o(.text)
    PcdHalt                                  0x08009291   Thumb Code    50  rc522.o(.text)
    WaitCardOff                              0x080092c3   Thumb Code    50  rc522.o(.text)
    voice_test                               0x080092f5   Thumb Code    72  code.o(.text)
    dir_change                               0x0800933d   Thumb Code   246  code.o(.text)
    hw_light                                 0x08009445   Thumb Code   184  infrared.o(.text)
    hw_light_check                           0x080094fd   Thumb Code    90  infrared.o(.text)
    litishow_carnum                          0x08009557   Thumb Code   116  infrared.o(.text)
    litishow_dir                             0x080095cb   Thumb Code   382  infrared.o(.text)
    DZ_KG                                    0x08009789   Thumb Code    46  zigbee.o(.text)
    LED_show                                 0x080097b7   Thumb Code   110  zigbee.o(.text)
    csb_jl_check                             0x08009825   Thumb Code   182  zigbee.o(.text)
    __aeabi_memcpy                           0x080098e9   Thumb Code    36  memcpya.o(.text)
    __aeabi_memcpy4                          0x080098e9   Thumb Code     0  memcpya.o(.text)
    __aeabi_memcpy8                          0x080098e9   Thumb Code     0  memcpya.o(.text)
    __aeabi_memset                           0x0800990d   Thumb Code    14  memseta.o(.text)
    __aeabi_memset4                          0x0800990d   Thumb Code     0  memseta.o(.text)
    __aeabi_memset8                          0x0800990d   Thumb Code     0  memseta.o(.text)
    __aeabi_memclr                           0x0800991b   Thumb Code     4  memseta.o(.text)
    __aeabi_memclr4                          0x0800991b   Thumb Code     0  memseta.o(.text)
    __aeabi_memclr8                          0x0800991b   Thumb Code     0  memseta.o(.text)
    _memset$wrapper                          0x0800991f   Thumb Code    18  memseta.o(.text)
    strlen                                   0x08009931   Thumb Code    14  strlen.o(.text)
    __aeabi_fadd                             0x0800993f   Thumb Code   164  fadd.o(.text)
    __aeabi_fsub                             0x080099e3   Thumb Code     6  fadd.o(.text)
    __aeabi_frsub                            0x080099e9   Thumb Code     6  fadd.o(.text)
    __aeabi_fmul                             0x080099ef   Thumb Code   100  fmul.o(.text)
    __aeabi_fdiv                             0x08009a53   Thumb Code   124  fdiv.o(.text)
    __aeabi_dadd                             0x08009acf   Thumb Code   322  dadd.o(.text)
    __aeabi_dsub                             0x08009c11   Thumb Code     6  dadd.o(.text)
    __aeabi_drsub                            0x08009c17   Thumb Code     6  dadd.o(.text)
    __aeabi_dmul                             0x08009c1d   Thumb Code   228  dmul.o(.text)
    __aeabi_ddiv                             0x08009d01   Thumb Code   222  ddiv.o(.text)
    __aeabi_i2f                              0x08009ddf   Thumb Code    18  fflti.o(.text)
    __aeabi_ui2f                             0x08009df1   Thumb Code    10  ffltui.o(.text)
    __aeabi_f2iz                             0x08009dfb   Thumb Code    50  ffixi.o(.text)
    __aeabi_f2uiz                            0x08009e2d   Thumb Code    40  ffixui.o(.text)
    __aeabi_f2d                              0x08009e55   Thumb Code    38  f2d.o(.text)
    __aeabi_d2f                              0x08009e7b   Thumb Code    56  d2f.o(.text)
    __aeabi_cfcmpeq                          0x08009eb5   Thumb Code     0  cfcmple.o(.text)
    __aeabi_cfcmple                          0x08009eb5   Thumb Code    20  cfcmple.o(.text)
    __aeabi_llsl                             0x08009ec9   Thumb Code    30  llshl.o(.text)
    _ll_shift_l                              0x08009ec9   Thumb Code     0  llshl.o(.text)
    __aeabi_lasr                             0x08009ee7   Thumb Code    36  llsshr.o(.text)
    _ll_sshift_r                             0x08009ee7   Thumb Code     0  llsshr.o(.text)
    __I$use$fp                               0x08009f0b   Thumb Code     0  iusefp.o(.text)
    _float_round                             0x08009f0b   Thumb Code    18  fepilogue.o(.text)
    _float_epilogue                          0x08009f1d   Thumb Code    92  fepilogue.o(.text)
    _double_round                            0x08009f79   Thumb Code    30  depilogue.o(.text)
    _double_epilogue                         0x08009f97   Thumb Code   156  depilogue.o(.text)
    __scatterload                            0x0800a035   Thumb Code    28  init.o(.text)
    __scatterload_rt2                        0x0800a035   Thumb Code     0  init.o(.text)
    __aeabi_llsr                             0x0800a059   Thumb Code    32  llushr.o(.text)
    _ll_ushift_r                             0x0800a059   Thumb Code     0  llushr.o(.text)
    __decompress                             0x0800a079   Thumb Code     0  __dclz77c.o(.text)
    __decompress2                            0x0800a079   Thumb Code    94  __dclz77c.o(.text)
    __scatterload_copy                       0x0800a0d7   Thumb Code    14  handlers.o(i.__scatterload_copy)
    __scatterload_null                       0x0800a0e5   Thumb Code     2  handlers.o(i.__scatterload_null)
    __scatterload_zeroinit                   0x0800a0e7   Thumb Code    14  handlers.o(i.__scatterload_zeroinit)
    bit_tab                                  0x0800a0f4   Data         128  my_lib.o(.constdata)
    bit_and_tab                              0x0800a174   Data         128  my_lib.o(.constdata)
    bit4_lowhig                              0x0800a1f4   Data          16  my_lib.o(.constdata)
    Region$$Table$$Base                      0x0800a3bc   Number         0  anon$$obj.o(Region$$Table)
    Region$$Table$$Limit                     0x0800a3dc   Number         0  anon$$obj.o(Region$$Table)
    SystemCoreClock                          0x20000000   Data           4  system_stm32f10x.o(.data)
    AHBPrescTable                            0x20000004   Data          16  system_stm32f10x.o(.data)
    G_Tab                                    0x20000064   Data           6  test.o(.data)
    Stop_Flag                                0x2000006a   Data           1  test.o(.data)
    Track_Flag                               0x2000006b   Data           1  test.o(.data)
    G_Flag                                   0x2000006c   Data           1  test.o(.data)
    B_Flag                                   0x2000006d   Data           1  test.o(.data)
    L_Flag                                   0x2000006e   Data           1  test.o(.data)
    R_Flag                                   0x2000006f   Data           1  test.o(.data)
    SD_Flag                                  0x20000070   Data           1  test.o(.data)
    Rx_Flag                                  0x20000071   Data           1  test.o(.data)
    CodedDisk                                0x20000072   Data           2  test.o(.data)
    tempMP                                   0x20000074   Data           2  test.o(.data)
    MP                                       0x20000076   Data           2  test.o(.data)
    Car_Spend                                0x20000078   Data           4  test.o(.data)
    count                                    0x2000007c   Data           4  test.o(.data)
    LSpeed                                   0x20000080   Data           4  test.o(.data)
    RSpeed                                   0x20000084   Data           4  test.o(.data)
    Line_Flag                                0x20000088   Data           1  test.o(.data)
    send_Flag                                0x20000089   Data           1  test.o(.data)
    Light                                    0x2000008c   Data           4  test.o(.data)
    etc_flag                                 0x20000090   Data           1  test.o(.data)
    etc_control                              0x20000091   Data           1  test.o(.data)
    etc_x                                    0x20000092   Data           1  test.o(.data)
    etc_y                                    0x20000093   Data           1  test.o(.data)
    Zigbee_Rx_Max                            0x200000e4   Data           1  data_channel.o(.data)
    Wifi_Rx_num                              0x200000e5   Data           1  data_channel.o(.data)
    Wifi_Rx_flag                             0x200000e6   Data           1  data_channel.o(.data)
    Zigbee_Rx_num                            0x200000e7   Data           1  data_channel.o(.data)
    Zigbee_Rx_flag                           0x200000e8   Data           1  data_channel.o(.data)
    Zigbee_RxZt_flag                         0x200000e9   Data           1  data_channel.o(.data)
    global_times                             0x200000ec   Data           4  delay_drv.o(.data)
    delay_ms_const                           0x200000f0   Data           4  delay_drv.o(.data)
    flag1                                    0x20000144   Data           1  usart.o(.data)
    flag2                                    0x20000145   Data           1  usart.o(.data)
    rx2zt_flag                               0x20000146   Data           1  usart.o(.data)
    USART_RX_STA                             0x20000147   Data           1  usart.o(.data)
    RX_num1                                  0x20000148   Data           1  usart.o(.data)
    RX_num2                                  0x20000149   Data           1  usart.o(.data)
    RX2_MAX                                  0x2000014a   Data           1  usart.o(.data)
    USART1_RXNUM                             0x2000014b   Data           1  usart.o(.data)
    BUF                                      0x20000150   Data           4  bh1750.o(.data)
    gd                                       0x200001a8   Data           1  xj.o(.data)
    gd_                                      0x200001a9   Data           1  xj.o(.data)
    status                                   0x200001fc   Data           4  csb.o(.data)
    tx                                       0x20000200   Data           1  csb.o(.data)
    txr                                      0x20000201   Data           1  csb.o(.data)
    real_time                                0x20000204   Data           4  csb.o(.data)
    dis                                      0x20000208   Data           2  csb.o(.data)
    rxd1_timer4_1ms                          0x2000025a   Data           1  exit.o(.data)
    rxd1_timer4_flag                         0x2000025b   Data           1  exit.o(.data)
    Wheel_flag                               0x2000025c   Data           1  exit.o(.data)
    gd_flag                                  0x2000025d   Data           1  exit.o(.data)
    last_code                                0x200002ae   Data           8  uart_my.o(.data)
    Can_Filter_Flag                          0x200002b6   Data           1  can_drv.o(.data)
    Ccp_RxFlag                               0x200002b7   Data           1  can_drv.o(.data)
    CanP_RxFMI_Flag                          0x20000308   Data           4  canp_hostcom.o(.data)
    ctbuf                                    0x2000030c   Data           8  canp_hostcom.o(.data)
    Track_buf                                0x20000314   Data           2  canp_hostcom.o(.data)
    Fileter_Tab                              0x20000316   Data          28  canp_hostcom.o(.data)
    Electric_Buf                             0x2000033c   Data           2  power_check.o(.data)
    Pa                                       0x20000340   Data           4  power_check.o(.data)
    Pb                                       0x20000344   Data           4  power_check.o(.data)
    pwr_ck_l                                 0x20000348   Data           1  power_check.o(.data)
    pwr_ck_r                                 0x20000349   Data           1  power_check.o(.data)
    Ysn7813_flag                             0x2000039c   Data           1  syn7318.o(.data)
    Ysn7813_flag_cs                          0x2000039d   Data           1  syn7318.o(.data)
    Wake_Up                                  0x2000039e   Data           5  syn7318.o(.data)
    Stop_Wake_Up                             0x200003a3   Data           4  syn7318.o(.data)
    Play_MP3                                 0x200003a7   Data          33  syn7318.o(.data)
    Start_ASR_Buf                            0x200003c8   Data           5  syn7318.o(.data)
    Stop_ASR_Buf                             0x200003cd   Data           4  syn7318.o(.data)
    my                                       0x200003d1   Data          10  syn7318.o(.data)
    x                                        0x200003dc   Data           4  syn7318.o(.data)
    Stop_Three_One_ASR_Buf                   0x200003e0   Data           4  syn7318.o(.data)
    D_MP3_1                                  0x200003e4   Data          25  syn7318.o(.data)
    D_MP3_2                                  0x200003fd   Data          29  syn7318.o(.data)
    D_MP3_3                                  0x2000041a   Data          29  syn7318.o(.data)
    D_MP3_4                                  0x20000437   Data          36  syn7318.o(.data)
    Stop_Th2O                                0x2000045b   Data           4  syn7318.o(.data)
    TF_MP3_1                                 0x2000045f   Data          29  syn7318.o(.data)
    Dict0                                    0x2000047c   Data          48  syn7318.o(.data)
    Dict1                                    0x200004ac   Data          48  syn7318.o(.data)
    Dict2                                    0x200004dc   Data          48  syn7318.o(.data)
    Dict3                                    0x2000050c   Data           4  syn7318.o(.data)
    DICT                                     0x20000510   Data          40  syn7318.o(.data)
    Back                                     0x20000538   Data           4  syn7318.o(.data)
    ASR                                      0x2000053c   Data           6  syn7318.o(.data)
    S                                        0x20000542   Data           4  syn7318.o(.data)
    htTrack_Flag                             0x20000596   Data           1  htxj.o(.data)
    M                                        0x200005fc   Data          63  move.o(.data)
    car_go_flag                              0x2000063c   Data           4  move.o(.data)
    front                                    0x20000640   Data           4  move.o(.data)
    rear                                     0x20000644   Data           4  move.o(.data)
    count1                                   0x20000648   Data           1  move.o(.data)
    count2                                   0x20000649   Data           1  move.o(.data)
    current_x                                0x2000064c   Data           4  move.o(.data)
    current_y                                0x20000650   Data           4  move.o(.data)
    current_d                                0x20000654   Data           4  move.o(.data)
    target_x                                 0x20000658   Data           4  move.o(.data)
    target_y                                 0x2000065c   Data           4  move.o(.data)
    target_d                                 0x20000660   Data           4  move.o(.data)
    obstacle_flag                            0x20000664   Data           1  move.o(.data)
    obstacle_num                             0x20000668   Data           4  move.o(.data)
    is_obstacle_black                        0x2000066c   Data           4  move.o(.data)
    feedback_state_flag1                     0x200006c0   Data           1  feedback.o(.data)
    OK_flag                                  0x200006c1   Data           1  feedback.o(.data)
    feedback_state1                          0x200006c2   Data           8  feedback.o(.data)
    feedback_state2                          0x200006ca   Data           8  feedback.o(.data)
    other_data                               0x200006d2   Data           8  feedback.o(.data)
    KEY_A                                    0x2000072a   Data           6  rc522_my.o(.data)
    WRITE_RFID                               0x20000730   Data          16  rc522_my.o(.data)
    rfid_do                                  0x20000740   Data           1  rc522_my.o(.data)
    license_plate1                           0x20000791   Data           3  infrared.o(.data)
    license_plate2                           0x20000794   Data           3  infrared.o(.data)
    H_1                                      0x20000797   Data           4  infrared.o(.data)
    H_2                                      0x2000079b   Data           4  infrared.o(.data)
    H_3                                      0x2000079f   Data           4  infrared.o(.data)
    hw_check_data                            0x200007a3   Data           1  infrared.o(.data)
    LITISHOW_X                               0x200007a4   Data           1  infrared.o(.data)
    LITISHOW_Y                               0x200007a5   Data           1  infrared.o(.data)
    already_litishow_dir                     0x200007a6   Data           1  infrared.o(.data)
    voice2flag                               0x200007f7   Data           1  zigbee.o(.data)
    voice_send_allow                         0x200007f8   Data           1  zigbee.o(.data)
    DZ_K                                     0x200007f9   Data           8  zigbee.o(.data)
    DZ_G                                     0x20000801   Data           8  zigbee.o(.data)
    S_Tab                                    0x2000080c   Data          11  test.o(.bss)
    RCC_Clocks                               0x20000818   Data          20  test.o(.bss)
    Wifi_Rx_Buf                              0x2000082c   Data         200  data_channel.o(.bss)
    Zigb_Rx_Buf                              0x200008f4   Data         200  data_channel.o(.bss)
    USART1_RX_BUF                            0x200009bc   Data         200  usart.o(.bss)
    USART2_RX_BUF                            0x20000a84   Data          40  usart.o(.bss)
    Fifo_Info                                0x20000ad4   Data          16  canp_hostcom.o(.bss)
    Fifo_WifiRx                              0x20000ae4   Data          16  canp_hostcom.o(.bss)
    Fifo_WifiTx                              0x20000af4   Data          16  canp_hostcom.o(.bss)
    Fifo_ZigbRx                              0x20000b04   Data          16  canp_hostcom.o(.bss)
    Fifo_ZigbTx                              0x20000b14   Data          16  canp_hostcom.o(.bss)
    FifoBuf_Info                             0x20000b24   Data          50  canp_hostcom.o(.bss)
    FifoBuf_WifiRx                           0x20000b56   Data          50  canp_hostcom.o(.bss)
    FifoBuf_WifiTx                           0x20000b88   Data          50  canp_hostcom.o(.bss)
    FifoBuf_ZigbRx                           0x20000bba   Data          50  canp_hostcom.o(.bss)
    FifoBuf_ZigbTx                           0x20000bec   Data          50  canp_hostcom.o(.bss)
    crm                                      0x20000c20   Data          20  canp_hostcom.o(.bss)
    crbuf                                    0x20000c34   Data          32  canp_hostcom.o(.bss)
    cache                                    0x20000c54   Data         252  move.o(.bss)
    Q                                        0x20000d50   Data        1200  move.o(.bss)
    loc                                      0x20001200   Data         800  move.o(.bss)
    read_rfid_my                             0x20001520   Data          16  rc522_my.o(.bss)
    __initial_sp                             0x20001930   Data           0  startup_stm32f10x_hd.o(STACK)



==============================================================================

Memory Map of the image

  Image Entry point : 0x08000131

  Load Region LR_IROM1 (Base: 0x08000000, Size: 0x0000abe8, Max: 0x00040000, ABSOLUTE, COMPRESSED[0x0000a624])

    Execution Region ER_IROM1 (Base: 0x08000000, Size: 0x0000a3dc, Max: 0x00040000, ABSOLUTE)

    Base Addr    Size         Type   Attr      Idx    E Section Name        Object

    0x08000000   0x00000130   Data   RO           80    RESET               startup_stm32f10x_hd.o
    0x08000130   0x00000000   Code   RO         1116  * .ARM.Collect$$$$00000000  mc_w.l(entry.o)
    0x08000130   0x00000004   Code   RO         1153    .ARM.Collect$$$$00000001  mc_w.l(entry2.o)
    0x08000134   0x00000004   Code   RO         1156    .ARM.Collect$$$$00000004  mc_w.l(entry5.o)
    0x08000138   0x00000000   Code   RO         1158    .ARM.Collect$$$$00000008  mc_w.l(entry7b.o)
    0x08000138   0x00000000   Code   RO         1160    .ARM.Collect$$$$0000000A  mc_w.l(entry8b.o)
    0x08000138   0x00000008   Code   RO         1161    .ARM.Collect$$$$0000000B  mc_w.l(entry9a.o)
    0x08000140   0x00000000   Code   RO         1163    .ARM.Collect$$$$0000000D  mc_w.l(entry10a.o)
    0x08000140   0x00000000   Code   RO         1165    .ARM.Collect$$$$0000000F  mc_w.l(entry11a.o)
    0x08000140   0x00000004   Code   RO         1154    .ARM.Collect$$$$00002712  mc_w.l(entry2.o)
    0x08000144   0x000001e0   Code   RO           17    .text               system_stm32f10x.o
    0x08000324   0x00000024   Code   RO           81    .text               startup_stm32f10x_hd.o
    0x08000348   0x00000018   Code   RO           85    .text               stm32f10x_it.o
    0x08000360   0x00000f08   Code   RO          108    .text               test.o
    0x08001268   0x00000254   Code   RO          233    .text               data_channel.o
    0x080014bc   0x000000a8   Code   RO          260    .text               delay_drv.o
    0x08001564   0x00000026   Code   RO          281    .text               sys.o
    0x0800158a   0x00000002   PAD
    0x0800158c   0x000001ac   Code   RO          293    .text               usart.o
    0x08001738   0x00000078   Code   RO          327    .text               delay.o
    0x080017b0   0x00000044   Code   RO          341    .text               led.o
    0x080017f4   0x000000a8   Code   RO          353    .text               init.o
    0x0800189c   0x000003dc   Code   RO          367    .text               djqd.o
    0x08001c78   0x00000298   Code   RO          382    .text               bh1750.o
    0x08001f10   0x00000040   Code   RO          401    .text               key.o
    0x08001f50   0x000002fc   Code   RO          413    .text               xj.o
    0x0800224c   0x000002d0   Code   RO          431    .text               csb.o
    0x0800251c   0x000000f4   Code   RO          452    .text               hw.o
    0x08002610   0x000002a0   Code   RO          466    .text               exit.o
    0x080028b0   0x0000023c   Code   RO          484    .text               uart_my.o
    0x08002aec   0x00000580   Code   RO          506    .text               can_drv.o
    0x0800306c   0x000004e0   Code   RO          525    .text               canp_hostcom.o
    0x0800354c   0x00000142   Code   RO          545    .text               fifo_drv.o
    0x0800368e   0x00000002   PAD
    0x08003690   0x000000e8   Code   RO          557    .text               adc.o
    0x08003778   0x00000188   Code   RO          572    .text               power_check.o
    0x08003900   0x000002c4   Code   RO          590    .text               timer.o
    0x08003bc4   0x000010b0   Code   RO          604    .text               syn7318.o
    0x08004c74   0x00000238   Code   RO          623    .text               htxj.o
    0x08004eac   0x000000dc   Code   RO          641    .text               misc.o
    0x08004f88   0x0000044e   Code   RO          653    .text               stm32f10x_adc.o
    0x080053d6   0x00000002   PAD
    0x080053d8   0x000009f4   Code   RO          677    .text               stm32f10x_can.o
    0x08005dcc   0x0000011c   Code   RO          761    .text               stm32f10x_exti.o
    0x08005ee8   0x0000035c   Code   RO          800    .text               stm32f10x_gpio.o
    0x08006244   0x000003a4   Code   RO          857    .text               stm32f10x_rcc.o
    0x080065e8   0x00000e1a   Code   RO          913    .text               stm32f10x_tim.o
    0x08007402   0x00000002   PAD
    0x08007404   0x00000408   Code   RO          925    .text               stm32f10x_usart.o
    0x0800780c   0x00000fc0   Code   RO          970    .text               move.o
    0x080087cc   0x00000200   Code   RO          993    .text               feedback.o
    0x080089cc   0x000001b8   Code   RO         1013    .text               rc522_my.o
    0x08008b84   0x00000770   Code   RO         1035    .text               rc522.o
    0x080092f4   0x00000150   Code   RO         1049    .text               code.o
    0x08009444   0x00000344   Code   RO         1062    .text               infrared.o
    0x08009788   0x00000160   Code   RO         1080    .text               zigbee.o
    0x080098e8   0x00000024   Code   RO         1119    .text               mc_w.l(memcpya.o)
    0x0800990c   0x00000024   Code   RO         1121    .text               mc_w.l(memseta.o)
    0x08009930   0x0000000e   Code   RO         1123    .text               mc_w.l(strlen.o)
    0x0800993e   0x000000b0   Code   RO         1127    .text               mf_w.l(fadd.o)
    0x080099ee   0x00000064   Code   RO         1129    .text               mf_w.l(fmul.o)
    0x08009a52   0x0000007c   Code   RO         1131    .text               mf_w.l(fdiv.o)
    0x08009ace   0x0000014e   Code   RO         1133    .text               mf_w.l(dadd.o)
    0x08009c1c   0x000000e4   Code   RO         1135    .text               mf_w.l(dmul.o)
    0x08009d00   0x000000de   Code   RO         1137    .text               mf_w.l(ddiv.o)
    0x08009dde   0x00000012   Code   RO         1139    .text               mf_w.l(fflti.o)
    0x08009df0   0x0000000a   Code   RO         1141    .text               mf_w.l(ffltui.o)
    0x08009dfa   0x00000032   Code   RO         1143    .text               mf_w.l(ffixi.o)
    0x08009e2c   0x00000028   Code   RO         1145    .text               mf_w.l(ffixui.o)
    0x08009e54   0x00000026   Code   RO         1147    .text               mf_w.l(f2d.o)
    0x08009e7a   0x00000038   Code   RO         1149    .text               mf_w.l(d2f.o)
    0x08009eb2   0x00000002   PAD
    0x08009eb4   0x00000014   Code   RO         1151    .text               mf_w.l(cfcmple.o)
    0x08009ec8   0x0000001e   Code   RO         1167    .text               mc_w.l(llshl.o)
    0x08009ee6   0x00000024   Code   RO         1169    .text               mc_w.l(llsshr.o)
    0x08009f0a   0x00000000   Code   RO         1171    .text               mc_w.l(iusefp.o)
    0x08009f0a   0x0000006e   Code   RO         1172    .text               mf_w.l(fepilogue.o)
    0x08009f78   0x000000ba   Code   RO         1174    .text               mf_w.l(depilogue.o)
    0x0800a032   0x00000002   PAD
    0x0800a034   0x00000024   Code   RO         1176    .text               mc_w.l(init.o)
    0x0800a058   0x00000020   Code   RO         1178    .text               mc_w.l(llushr.o)
    0x0800a078   0x0000005e   Code   RO         1188    .text               mc_w.l(__dclz77c.o)
    0x0800a0d6   0x0000000e   Code   RO         1182    i.__scatterload_copy  mc_w.l(handlers.o)
    0x0800a0e4   0x00000002   Code   RO         1183    i.__scatterload_null  mc_w.l(handlers.o)
    0x0800a0e6   0x0000000e   Code   RO         1184    i.__scatterload_zeroinit  mc_w.l(handlers.o)
    0x0800a0f4   0x00000110   Data   RO          953    .constdata          my_lib.o
    0x0800a204   0x00000008   Data   RO         1050    .constdata          code.o
    0x0800a20c   0x000001ad   Data   RO          605    .conststring        syn7318.o
    0x0800a3b9   0x00000003   PAD
    0x0800a3bc   0x00000020   Data   RO         1180    Region$$Table       anon$$obj.o


    Execution Region RW_IRAM1 (Base: 0x20000000, Size: 0x00001930, Max: 0x0000c000, ABSOLUTE, COMPRESSED[0x00000248])

    Base Addr    Size         Type   Attr      Idx    E Section Name        Object

    0x20000000   0x00000014   Data   RW           18    .data               system_stm32f10x.o
    0x20000014   0x00000080   Data   RW          110    .data               test.o
    0x20000094   0x00000056   Data   RW          235    .data               data_channel.o
    0x200000ea   0x00000002   PAD
    0x200000ec   0x00000008   Data   RW          261    .data               delay_drv.o
    0x200000f4   0x00000058   Data   RW          295    .data               usart.o
    0x2000014c   0x00000004   Data   RW          328    .data               delay.o
    0x20000150   0x00000008   Data   RW          383    .data               bh1750.o
    0x20000158   0x00000052   Data   RW          414    .data               xj.o
    0x200001aa   0x00000002   PAD
    0x200001ac   0x0000005e   Data   RW          432    .data               csb.o
    0x2000020a   0x00000054   Data   RW          467    .data               exit.o
    0x2000025e   0x00000058   Data   RW          485    .data               uart_my.o
    0x200002b6   0x00000002   Data   RW          508    .data               can_drv.o
    0x200002b8   0x00000081   Data   RW          527    .data               canp_hostcom.o
    0x20000339   0x00000003   PAD
    0x2000033c   0x0000000e   Data   RW          573    .data               power_check.o
    0x2000034a   0x00000002   PAD
    0x2000034c   0x000001fa   Data   RW          606    .data               syn7318.o
    0x20000546   0x00000051   Data   RW          624    .data               htxj.o
    0x20000597   0x00000014   Data   RW          858    .data               stm32f10x_rcc.o
    0x200005ab   0x00000001   PAD
    0x200005ac   0x000000c4   Data   RW          972    .data               move.o
    0x20000670   0x0000006a   Data   RW          994    .data               feedback.o
    0x200006da   0x00000067   Data   RW         1015    .data               rc522_my.o
    0x20000741   0x00000066   Data   RW         1063    .data               infrared.o
    0x200007a7   0x00000062   Data   RW         1081    .data               zigbee.o
    0x20000809   0x00000003   PAD
    0x2000080c   0x00000020   Zero   RW          109    .bss                test.o
    0x2000082c   0x00000190   Zero   RW          234    .bss                data_channel.o
    0x200009bc   0x000000f0   Zero   RW          294    .bss                usart.o
    0x20000aac   0x00000028   Zero   RW          507    .bss                can_drv.o
    0x20000ad4   0x00000180   Zero   RW          526    .bss                canp_hostcom.o
    0x20000c54   0x000008cc   Zero   RW          971    .bss                move.o
    0x20001520   0x00000010   Zero   RW         1014    .bss                rc522_my.o
    0x20001530   0x00000400   Zero   RW           78    STACK               startup_stm32f10x_hd.o


==============================================================================

Image component sizes


      Code (inc. data)   RO Data    RW Data    ZI Data      Debug   Object Name

       232          8          0          0          0       1059   adc.o
       664         48          0          8          0       3333   bh1750.o
      1408         34          0          2         40       6295   can_drv.o
      1248        100          0        129        384       7246   canp_hostcom.o
       336         18          8          0          0       1504   code.o
         0          0          0          0          0       4536   core_cm3.o
       720         68          0         94          0       4398   csb.o
       596         50          0         86        400       3159   data_channel.o
       120          8          0          4          0        860   delay.o
       168         12          0          8          0       2215   delay_drv.o
       988         76          0          0          0       2296   djqd.o
       672         60          0         84          0       2096   exit.o
       512         58          0        106          0       2636   feedback.o
       322          0          0          0          0       2662   fifo_drv.o
       568         36          0         81          0       1217   htxj.o
       244         16          0          0          0       1198   hw.o
       836         64          0        102          0       3100   infrared.o
       168          8          0          0          0        526   init.o
        64         12          0          0          0        423   key.o
        68         10          0          0          0        419   led.o
       220         22          0          0          0       1773   misc.o
      4032        210          0        196       2252       9449   move.o
         0          0        272          0          0       1046   my_lib.o
       392         38          0         14          0       1813   power_check.o
      1904         20          0          0          0       6930   rc522.o
       440         16          0        103         16       2630   rc522_my.o
        36          8        304          0       1024        800   startup_stm32f10x_hd.o
      1102         26          0          0          0      10809   stm32f10x_adc.o
      2548         38          0          0          0       7836   stm32f10x_can.o
       284         10          0          0          0       2211   stm32f10x_exti.o
       860         38          0          0          0       5621   stm32f10x_gpio.o
        24          0          0          0          0       1110   stm32f10x_it.o
       932         36          0         20          0       8784   stm32f10x_rcc.o
      3610         88          0          0          0      22108   stm32f10x_tim.o
      1032         22          0          0          0       8356   stm32f10x_usart.o
      4272       1532        429        506          0       7870   syn7318.o
        38          0          0          0          0        493   sys.o
       480         38          0         20          0     267247   system_stm32f10x.o
      3848        596          0        128         32      22713   test.o
       708         48          0          0          0       1851   timer.o
       572         24          0         88          0       2770   uart_my.o
       428         20          0         88        240       4536   usart.o
       764         58          0         82          0       1848   xj.o
       352         14          0         98          0       2538   zigbee.o

    ----------------------------------------------------------------------
     38820       3588       1048       2060       4388     454320   Object Totals
         0          0         32          0          0          0   (incl. Generated)
         8          0          3         13          0          0   (incl. Padding)

    ----------------------------------------------------------------------

      Code (inc. data)   RO Data    RW Data    ZI Data      Debug   Library Member Name

        94          0          0          0          0          0   __dclz77c.o
         0          0          0          0          0          0   entry.o
         0          0          0          0          0          0   entry10a.o
         0          0          0          0          0          0   entry11a.o
         8          4          0          0          0          0   entry2.o
         4          0          0          0          0          0   entry5.o
         0          0          0          0          0          0   entry7b.o
         0          0          0          0          0          0   entry8b.o
         8          4          0          0          0          0   entry9a.o
        30          0          0          0          0          0   handlers.o
        36          8          0          0          0         68   init.o
         0          0          0          0          0          0   iusefp.o
        30          0          0          0          0         68   llshl.o
        36          0          0          0          0         68   llsshr.o
        32          0          0          0          0         68   llushr.o
        36          0          0          0          0         68   memcpya.o
        36          0          0          0          0        108   memseta.o
        14          0          0          0          0         68   strlen.o
        20          0          0          0          0         68   cfcmple.o
        56          0          0          0          0         88   d2f.o
       334          0          0          0          0        148   dadd.o
       222          0          0          0          0        100   ddiv.o
       186          0          0          0          0        176   depilogue.o
       228          0          0          0          0         96   dmul.o
        38          0          0          0          0         68   f2d.o
       176          0          0          0          0        140   fadd.o
       124          0          0          0          0         88   fdiv.o
       110          0          0          0          0        168   fepilogue.o
        50          0          0          0          0         68   ffixi.o
        40          0          0          0          0         68   ffixui.o
        18          0          0          0          0         68   fflti.o
        10          0          0          0          0         68   ffltui.o
       100          0          0          0          0         76   fmul.o

    ----------------------------------------------------------------------
      2080         16          0          0          0       2004   Library Totals
         4          0          0          0          0          0   (incl. Padding)

    ----------------------------------------------------------------------

      Code (inc. data)   RO Data    RW Data    ZI Data      Debug   Library Name

       364         16          0          0          0        516   mc_w.l
      1712          0          0          0          0       1488   mf_w.l

    ----------------------------------------------------------------------
      2080         16          0          0          0       2004   Library Totals

    ----------------------------------------------------------------------

==============================================================================


      Code (inc. data)   RO Data    RW Data    ZI Data      Debug   

     40900       3604       1048       2060       4388     451668   Grand Totals
     40900       3604       1048        584       4388     451668   ELF Image Totals (compressed)
     40900       3604       1048        584          0          0   ROM Totals

==============================================================================

    Total RO  Size (Code + RO Data)                41948 (  40.96kB)
    Total RW  Size (RW Data + ZI Data)              6448 (   6.30kB)
    Total ROM Size (Code + RO Data + RW Data)      42532 (  41.54kB)

==============================================================================

