Component: ARM Compiler 5.05 update 1 (build 106) Tool: armlink [4d0efa]

==============================================================================

Section Cross References

    system_stm32f10x.o(.text) refers to system_stm32f10x.o(.data) for SystemCoreClock
    startup_stm32f10x_hd.o(RESET) refers to startup_stm32f10x_hd.o(STACK) for __initial_sp
    startup_stm32f10x_hd.o(RESET) refers to startup_stm32f10x_hd.o(.text) for Reset_Handler
    startup_stm32f10x_hd.o(RESET) refers to stm32f10x_it.o(.text) for NMI_Handler
    startup_stm32f10x_hd.o(RESET) refers to test.o(.text) for SysTick_Handler
    startup_stm32f10x_hd.o(RESET) refers to csb.o(.text) for EXTI0_IRQHandler
    startup_stm32f10x_hd.o(RESET) refers to can_drv.o(.text) for USB_LP_CAN1_RX0_IRQHandler
    startup_stm32f10x_hd.o(RESET) refers to exit.o(.text) for TIM2_IRQHandler
    startup_stm32f10x_hd.o(RESET) refers to usart.o(.text) for USART1_IRQHandler
    startup_stm32f10x_hd.o(RESET) refers to timer.o(.text) for TIM8_UP_IRQHandler
    startup_stm32f10x_hd.o(.text) refers to system_stm32f10x.o(.text) for SystemInit
    startup_stm32f10x_hd.o(.text) refers to entry.o(.ARM.Collect$$$$00000000) for __main
    test.o(.text) refers to csb.o(.text) for tran
    test.o(.text) refers to bh1750.o(.text) for Dispose
    test.o(.text) refers to feedback.o(.text) for back_state
    test.o(.text) refers to init.o(.text) for YJ_INIT
    test.o(.text) refers to system_stm32f10x.o(.text) for SystemInit
    test.o(.text) refers to delay.o(.text) for delay_init_0
    test.o(.text) refers to delay_drv.o(.text) for Delay_us_Init
    test.o(.text) refers to stm32f10x_rcc.o(.text) for RCC_GetClocksFreq
    test.o(.text) refers to sys.o(.text) for NVIC_Configuration
    test.o(.text) refers to timer.o(.text) for TIM7_Int_Init
    test.o(.text) refers to usart.o(.text) for uart1_init
    test.o(.text) refers to syn7318.o(.text) for SYN7318_Init
    test.o(.text) refers to canp_hostcom.o(.text) for CanP_Init
    test.o(.text) refers to djqd.o(.text) for STOP
    test.o(.text) refers to rc522_my.o(.text) for rc522_init
    test.o(.text) refers to power_check.o(.text) for Power_Check
    test.o(.text) refers to move.o(.text) for mask_M
    test.o(.text) refers to code.o(.text) for voice_test
    test.o(.text) refers to delay_drv.o(.data) for global_times
    test.o(.text) refers to test.o(.data) for Stop_Flag
    test.o(.text) refers to test.o(.bss) for S_Tab
    test.o(.text) refers to csb.o(.data) for dis
    test.o(.text) refers to feedback.o(.bss) for feedback_state
    test.o(.text) refers to power_check.o(.data) for Electric_Buf
    test.o(.text) refers to rc522_my.o(.data) for WRITE_RFID
    test.o(.text) refers to stm32f10x_tim.o(.text) for TIM_Cmd
    test.o(.text) refers to uart_my.o(.text) for Normal_data
    test.o(.text) refers to infrared.o(.text) for litishow_dir
    test.o(.text) refers to hw.o(.text) for Transmition
    test.o(.text) refers to data_channel.o(.data) for Wifi_Rx_flag
    test.o(.text) refers to data_channel.o(.bss) for Wifi_Rx_Buf
    test.o(.text) refers to uart_my.o(.data) for last_code
    test.o(.text) refers to feedback.o(.data) for OK_flag
    test.o(.text) refers to infrared.o(.data) for LITISHOW_X
    test.o(.text) refers to rc522_my.o(.bss) for read_rfid_my
    test.o(.text) refers to zigbee.o(.data) for DZ_K
    data_channel.o(.text) refers to uart_my.o(.text) for USART_WIFI_JX
    data_channel.o(.text) refers to feedback.o(.data) for OK_flag
    data_channel.o(.text) refers to exit.o(.data) for rxd1_timer4_1ms
    data_channel.o(.text) refers to data_channel.o(.data) for Wifi_Rx_num
    data_channel.o(.text) refers to data_channel.o(.bss) for Wifi_Rx_Buf
    delay_drv.o(.text) refers to timer.o(.text) for TIM5_Int_Init
    delay_drv.o(.text) refers to stm32f10x_tim.o(.text) for TIM_SetAutoreload
    delay_drv.o(.text) refers to delay_drv.o(.data) for delay_ms_const
    sys.o(.text) refers to misc.o(.text) for NVIC_PriorityGroupConfig
    usart.o(.text) refers to stm32f10x_rcc.o(.text) for RCC_APB2PeriphClockCmd
    usart.o(.text) refers to stm32f10x_usart.o(.text) for USART_DeInit
    usart.o(.text) refers to stm32f10x_gpio.o(.text) for GPIO_Init
    usart.o(.text) refers to exit.o(.data) for rxd1_timer4_1ms
    delay.o(.text) refers to delay.o(.data) for fac_us
    init.o(.text) refers to led.o(.text) for LED_Init
    init.o(.text) refers to djqd.o(.text) for DJ_Init
    init.o(.text) refers to bh1750.o(.text) for IIC_Init
    init.o(.text) refers to key.o(.text) for KEY_Init
    init.o(.text) refers to xj.o(.text) for XJ_Init
    init.o(.text) refers to csb.o(.text) for Timer3_Init
    init.o(.text) refers to exit.o(.text) for Timer2_Init
    init.o(.text) refers to timer.o(.text) for TIM6_Int_Init
    init.o(.text) refers to hw.o(.text) for HW_Init
    init.o(.text) refers to syn7318.o(.text) for SYN7318_Init
    init.o(.text) refers to power_check.o(.text) for Electricity_Init
[...]
    CP_SHOW1                                 0x200006be   Data           6  rc522_my.o(.data)
    CP_SHOW2                                 0x200006c4   Data           6  rc522_my.o(.data)
    .data                                    0x200006e1   Section       98  zigbee.o(.data)
    H_S                                      0x200006e1   Data           4  zigbee.o(.data)
    H_X                                      0x200006e5   Data           4  zigbee.o(.data)
    H_SD                                     0x200006e9   Data           4  zigbee.o(.data)
    HW_K                                     0x200006ed   Data           6  zigbee.o(.data)
    HW_G                                     0x200006f3   Data           6  zigbee.o(.data)
    CP_G1                                    0x200006f9   Data           6  zigbee.o(.data)
    CP_G2                                    0x200006ff   Data           6  zigbee.o(.data)
    SMG_SHOW                                 0x20000705   Data           8  zigbee.o(.data)
    SMG_JSK                                  0x2000070d   Data           8  zigbee.o(.data)
    SMG_JSG                                  0x20000715   Data           8  zigbee.o(.data)
    SMG_JL                                   0x2000071d   Data           8  zigbee.o(.data)
    CP_SHOW1                                 0x20000725   Data           6  zigbee.o(.data)
    CP_SHOW2                                 0x2000072b   Data           6  zigbee.o(.data)
    .data                                    0x20000743   Section      102  infrared.o(.data)
    H_S                                      0x20000743   Data           4  infrared.o(.data)
    H_X                                      0x20000747   Data           4  infrared.o(.data)
    H_SD                                     0x2000074b   Data           4  infrared.o(.data)
    HW_K                                     0x2000074f   Data           6  infrared.o(.data)
    HW_G                                     0x20000755   Data           6  infrared.o(.data)
    CP_G1                                    0x2000075b   Data           6  infrared.o(.data)
    CP_G2                                    0x20000761   Data           6  infrared.o(.data)
    SMG_SHOW                                 0x20000767   Data           8  infrared.o(.data)
    SMG_JSK                                  0x2000076f   Data           8  infrared.o(.data)
    SMG_JSG                                  0x20000777   Data           8  infrared.o(.data)
    SMG_JL                                   0x2000077f   Data           8  infrared.o(.data)
    CP_SHOW1                                 0x20000787   Data           6  infrared.o(.data)
    CP_SHOW2                                 0x2000078d   Data           6  infrared.o(.data)
    .bss                                     0x200007ac   Section       32  test.o(.bss)
    .bss                                     0x200007cc   Section      400  data_channel.o(.bss)
    .bss                                     0x2000095c   Section      240  usart.o(.bss)
    .bss                                     0x20000a4c   Section       40  can_drv.o(.bss)
    TxMessage                                0x20000a4c   Data          20  can_drv.o(.bss)
    RxMessage                                0x20000a60   Data          20  can_drv.o(.bss)
    .bss                                     0x20000a74   Section      384  canp_hostcom.o(.bss)
    .bss                                     0x20000bf4   Section     2252  move.o(.bss)
    .bss                                     0x200014c0   Section       30  feedback.o(.bss)
    .bss                                     0x200014de   Section       16  rc522_my.o(.bss)
    STACK                                    0x200014f0   Section     1024  startup_stm32f10x_hd.o(STACK)

    Global Symbols

    Symbol Name                              Value     Ov Type        Size  Object(Section)

    BuildAttributes$$THM_ISAv4$P$D$K$B$S$PE$A:L22UL41UL21$X:L11$S22US41US21$IEEE1$IW$USESV6$~STKCKD$USESV7$~SHL$OTIME$ROPI$EBA8$MICROLIB$REQ8$PRES8$EABIv2 0x00000000   Number         0  anon$$obj.o ABSOLUTE
    __ARM_use_no_argv                        0x00000000   Number         0  test.o ABSOLUTE
    __Vectors                                0x00000000   Data           4  startup_stm32f10x_hd.o(RESET)
    __cpp_initialize__aeabi_                  - Undefined Weak Reference
    __cxa_finalize                            - Undefined Weak Reference
    _clock_init                               - Undefined Weak Reference
    _microlib_exit                            - Undefined Weak Reference
    __Vectors_End                            0x00000130   Data           0  startup_stm32f10x_hd.o(RESET)
    __Vectors_Size                           0x00000130   Number         0  startup_stm32f10x_hd.o ABSOLUTE
    __main                                   0x00000131   Thumb Code     0  entry.o(.ARM.Collect$$$$00000000)
    _main_stk                                0x00000131   Thumb Code     0  entry2.o(.ARM.Collect$$$$00000001)
    _main_scatterload                        0x00000135   Thumb Code     0  entry5.o(.ARM.Collect$$$$00000004)
    __main_after_scatterload                 0x00000139   Thumb Code     0  entry5.o(.ARM.Collect$$$$00000004)
    _main_clock                              0x00000139   Thumb Code     0  entry7b.o(.ARM.Collect$$$$00000008)
    _main_cpp_init                           0x00000139   Thumb Code     0  entry8b.o(.ARM.Collect$$$$0000000A)
    _main_init                               0x00000139   Thumb Code     0  entry9a.o(.ARM.Collect$$$$0000000B)
    __rt_final_cpp                           0x00000141   Thumb Code     0  entry10a.o(.ARM.Collect$$$$0000000D)
    __rt_final_exit                          0x00000141   Thumb Code     0  entry11a.o(.ARM.Collect$$$$0000000F)
    SystemInit                               0x00000223   Thumb Code    78  system_stm32f10x.o(.text)
    SystemCoreClockUpdate                    0x00000271   Thumb Code   142  system_stm32f10x.o(.text)
    Reset_Handler                            0x00000325   Thumb Code     8  startup_stm32f10x_hd.o(.text)
    ADC1_2_IRQHandler                        0x0000033f   Thumb Code     0  startup_stm32f10x_hd.o(.text)
    ADC3_IRQHandler                          0x0000033f   Thumb Code     0  startup_stm32f10x_hd.o(.text)
    CAN1_RX1_IRQHandler                      0x0000033f   Thumb Code     0  startup_stm32f10x_hd.o(.text)
    CAN1_SCE_IRQHandler                      0x0000033f   Thumb Code     0  startup_stm32f10x_hd.o(.text)
    DMA1_Channel1_IRQHandler                 0x0000033f   Thumb Code     0  startup_stm32f10x_hd.o(.text)
    DMA1_Channel2_IRQHandler                 0x0000033f   Thumb Code     0  startup_stm32f10x_hd.o(.text)
    DMA1_Channel3_IRQHandler                 0x0000033f   Thumb Code     0  startup_stm32f10x_hd.o(.text)
    DMA1_Channel4_IRQHandler                 0x0000033f   Thumb Code     0  startup_stm32f10x_hd.o(.text)
    DMA1_Channel5_IRQHandler                 0x0000033f   Thumb Code     0  startup_stm32f10x_hd.o(.text)
    DMA1_Channel6_IRQHandler                 0x0000033f   Thumb Code     0  startup_stm32f10x_hd.o(.text)
    DMA1_Channel7_IRQHandler                 0x0000033f   Thumb Code     0  startup_stm32f10x_hd.o(.text)
    DMA2_Channel1_IRQHandler                 0x0000033f   Thumb Code     0  startup_stm32f10x_hd.o(.text)
    DMA2_Channel2_IRQHandler                 0x0000033f   Thumb Code     0  startup_stm32f10x_hd.o(.text)
    DMA2_Channel3_IRQHandler                 0x0000033f   Thumb Code     0  startup_stm32f10x_hd.o(.text)
    DMA2_Channel4_5_IRQHandler               0x0000033f   Thumb Code     0  startup_stm32f10x_hd.o(.text)
    EXTI15_10_IRQHandler                     0x0000033f   Thumb Code     0  startup_stm32f10x_hd.o(.text)
    EXTI1_IRQHandler                         0x0000033f   Thumb Code     0  startup_stm32f10x_hd.o(.text)
    EXTI2_IRQHandler                         0x0000033f   Thumb Code     0  startup_stm32f10x_hd.o(.text)
    EXTI3_IRQHandler                         0x0000033f   Thumb Code     0  startup_stm32f10x_hd.o(.text)
    EXTI4_IRQHandler                         0x0000033f   Thumb Code     0  startup_stm32f10x_hd.o(.text)
    FLASH_IRQHandler                         0x0000033f   Thumb Code     0  startup_stm32f10x_hd.o(.text)
    FSMC_IRQHandler                          0x0000033f   Thumb Code     0  startup_stm32f10x_hd.o(.text)
    I2C1_ER_IRQHandler                       0x0000033f   Thumb Code     0  startup_stm32f10x_hd.o(.text)
    I2C1_EV_IRQHandler                       0x0000033f   Thumb Code     0  startup_stm32f10x_hd.o(.text)
    I2C2_ER_IRQHandler                       0x0000033f   Thumb Code     0  startup_stm32f10x_hd.o(.text)
    I2C2_EV_IRQHandler                       0x0000033f   Thumb Code     0  startup_stm32f10x_hd.o(.text)
    PVD_IRQHandler                           0x0000033f   Thumb Code     0  startup_stm32f10x_hd.o(.text)
    RCC_IRQHandler                           0x0000033f   Thumb Code     0  startup_stm32f10x_hd.o(.text)
    RTCAlarm_IRQHandler                      0x0000033f   Thumb Code     0  startup_stm32f10x_hd.o(.text)
    RTC_IRQHandler                           0x0000033f   Thumb Code     0  startup_stm32f10x_hd.o(.text)
    SDIO_IRQHandler                          0x0000033f   Thumb Code     0  startup_stm32f10x_hd.o(.text)
    SPI1_IRQHandler                          0x0000033f   Thumb Code     0  startup_stm32f10x_hd.o(.text)
    SPI2_IRQHandler                          0x0000033f   Thumb Code     0  startup_stm32f10x_hd.o(.text)
    SPI3_IRQHandler                          0x0000033f   Thumb Code     0  startup_stm32f10x_hd.o(.text)
    TAMPER_IRQHandler                        0x0000033f   Thumb Code     0  startup_stm32f10x_hd.o(.text)
    TIM1_BRK_IRQHandler                      0x0000033f   Thumb Code     0  startup_stm32f10x_hd.o(.text)
    TIM1_CC_IRQHandler                       0x0000033f   Thumb Code     0  startup_stm32f10x_hd.o(.text)
    TIM1_TRG_COM_IRQHandler                  0x0000033f   Thumb Code     0  startup_stm32f10x_hd.o(.text)
    TIM1_UP_IRQHandler                       0x0000033f   Thumb Code     0  startup_stm32f10x_hd.o(.text)
    TIM5_IRQHandler                          0x0000033f   Thumb Code     0  startup_stm32f10x_hd.o(.text)
    TIM8_BRK_IRQHandler                      0x0000033f   Thumb Code     0  startup_stm32f10x_hd.o(.text)
    TIM8_CC_IRQHandler                       0x0000033f   Thumb Code     0  startup_stm32f10x_hd.o(.text)
    TIM8_TRG_COM_IRQHandler                  0x0000033f   Thumb Code     0  startup_stm32f10x_hd.o(.text)
    UART4_IRQHandler                         0x0000033f   Thumb Code     0  startup_stm32f10x_hd.o(.text)
    UART5_IRQHandler                         0x0000033f   Thumb Code     0  startup_stm32f10x_hd.o(.text)
    USART3_IRQHandler                        0x0000033f   Thumb Code     0  startup_stm32f10x_hd.o(.text)
    USBWakeUp_IRQHandler                     0x0000033f   Thumb Code     0  startup_stm32f10x_hd.o(.text)
    USB_HP_CAN1_TX_IRQHandler                0x0000033f   Thumb Code     0  startup_stm32f10x_hd.o(.text)
    WWDG_IRQHandler                          0x0000033f   Thumb Code     0  startup_stm32f10x_hd.o(.text)
    NMI_Handler                              0x00000349   Thumb Code     2  stm32f10x_it.o(.text)
    HardFault_Handler                        0x0000034b   Thumb Code     4  stm32f10x_it.o(.text)
    MemManage_Handler                        0x0000034f   Thumb Code     4  stm32f10x_it.o(.text)
    BusFault_Handler                         0x00000353   Thumb Code     4  stm32f10x_it.o(.text)
    UsageFault_Handler                       0x00000357   Thumb Code     4  stm32f10x_it.o(.text)
    SVC_Handler                              0x0000035b   Thumb Code     2  stm32f10x_it.o(.text)
    DebugMon_Handler                         0x0000035d   Thumb Code     2  stm32f10x_it.o(.text)
    PendSV_Handler                           0x0000035f   Thumb Code     2  stm32f10x_it.o(.text)
    SysTick_Handler                          0x00000361   Thumb Code    28  test.o(.text)
    check_send4state                         0x0000037d   Thumb Code   376  test.o(.text)
    IO_Init                                  0x000004f5   Thumb Code   144  test.o(.text)
    main                                     0x00000585   Thumb Code  3588  test.o(.text)
    Wifi_data_Receive                        0x000013b9   Thumb Code    78  data_channel.o(.text)
    Zigbee_data_Receive                      0x00001407   Thumb Code   300  data_channel.o(.text)
    Delay_us_Init                            0x00001561   Thumb Code    12  delay_drv.o(.text)
    delay_us                                 0x0000156d   Thumb Code    80  delay_drv.o(.text)
    sleep                                    0x000015bd   Thumb Code    12  delay_drv.o(.text)
    delay_ms_set                             0x000015c9   Thumb Code     6  delay_drv.o(.text)
    delay_ms_getlost                         0x000015cf   Thumb Code     6  delay_drv.o(.text)
    delay_ms_endcheck                        0x000015d5   Thumb Code    14  delay_drv.o(.text)
    gt_get                                   0x000015e3   Thumb Code     6  delay_drv.o(.text)
    gt_get_sub                               0x000015e9   Thumb Code    20  delay_drv.o(.text)
    NVIC_Configuration                       0x00001609   Thumb Code    38  sys.o(.text)
    USART1_IRQHandler                        0x00001631   Thumb Code    14  usart.o(.text)
    USART2_IRQHandler                        0x0000163f   Thumb Code     8  usart.o(.text)
    uart1_init                               0x00001647   Thumb Code   134  usart.o(.text)
    uart2_init                               0x000016cd   Thumb Code   134  usart.o(.text)
    Delay                                    0x00001753   Thumb Code    18  usart.o(.text)
    U1SendChar                               0x00001765   Thumb Code    26  usart.o(.text)
    U2SendChar                               0x0000177f   Thumb Code    26  usart.o(.text)
    GetKey                                   0x00001799   Thumb Code    26  usart.o(.text)
    U1Send_String                            0x000017b3   Thumb Code    22  usart.o(.text)
    delay_init_0                             0x000017dd   Thumb Code    56  delay.o(.text)
    delay_ms                                 0x00001815   Thumb Code    56  delay.o(.text)
    LED_Init                                 0x00001855   Thumb Code    58  led.o(.text)
    YJ_INIT                                  0x00001899   Thumb Code   160  init.o(.text)
    DJ_Init                                  0x00001941   Thumb Code    86  djqd.o(.text)
    STOP                                     0x00001997   Thumb Code    52  djqd.o(.text)
    PWM_Init                                 0x000019cb   Thumb Code   308  djqd.o(.text)
    Control                                  0x00001aff   Thumb Code   194  djqd.o(.text)
    Go_Test                                  0x00001bc1   Thumb Code    46  djqd.o(.text)
    Back_Test                                0x00001bef   Thumb Code    52  djqd.o(.text)
    Left_Test                                0x00001c23   Thumb Code    46  djqd.o(.text)
    Right_Test                               0x00001c51   Thumb Code    48  djqd.o(.text)
    Track_Test                               0x00001c81   Thumb Code    42  djqd.o(.text)
    Stop_Test                                0x00001cab   Thumb Code    38  djqd.o(.text)
    IIC_Init                                 0x00001d1d   Thumb Code    36  bh1750.o(.text)
    BH1750_Start                             0x00001d41   Thumb Code    42  bh1750.o(.text)
    BH1750_Stop                              0x00001d6b   Thumb Code    36  bh1750.o(.text)
    BH1750_SendACK                           0x00001d8f   Thumb Code    50  bh1750.o(.text)
    BH1750_RecvACK                           0x00001dc1   Thumb Code    42  bh1750.o(.text)
    BH1750_SendByte                          0x00001deb   Thumb Code    74  bh1750.o(.text)
    BH1750_RecvByte                          0x00001e35   Thumb Code    70  bh1750.o(.text)
    Single_Write_BH1750                      0x00001e7b   Thumb Code    26  bh1750.o(.text)
    Multiple_Read_BH1750                     0x00001e95   Thumb Code    62  bh1750.o(.text)
    BH1750_Init                              0x00001ed3   Thumb Code    18  bh1750.o(.text)
    Dispose                                  0x00001ee5   Thumb Code    86  bh1750.o(.text)
    Bh1750_Test                              0x00001f3b   Thumb Code    74  bh1750.o(.text)
    KEY_Init                                 0x00001fb5   Thumb Code    52  key.o(.text)
    XJ_Init                                  0x00001ff5   Thumb Code     2  xj.o(.text)
    Track_Usart2_Open                        0x00001ff7   Thumb Code     8  xj.o(.text)
    Track_Usart2_Close                       0x00001fff   Thumb Code     8  xj.o(.text)
    Track                                    0x00002007   Thumb Code   606  xj.o(.text)
    Xj_Track_Test                            0x00002265   Thumb Code    82  xj.o(.text)
    jscsb                                    0x000022f1   Thumb Code    70  csb.o(.text)
    EXTI9_5_IRQHandler                       0x00002337   Thumb Code    34  csb.o(.text)
    EXTI0_IRQHandler                         0x00002359   Thumb Code    62  csb.o(.text)
    EXTIX_Init                               0x00002397   Thumb Code   274  csb.o(.text)
    TIM3_IRQHandler                          0x000024a9   Thumb Code    40  csb.o(.text)
    Timer3_Init                              0x000024d1   Thumb Code    96  csb.o(.text)
    tran                                     0x00002531   Thumb Code    76  csb.o(.text)
    HW_Init                                  0x000025c1   Thumb Code    58  hw.o(.text)
    Transmition                              0x000025fb   Thumb Code   170  hw.o(.text)
    TIM2_IRQHandler                          0x000026b5   Thumb Code   344  exit.o(.text)
    Timer2_Init                              0x0000280d   Thumb Code    98  exit.o(.text)
    TIM4_IRQHandler                          0x0000286f   Thumb Code    70  exit.o(.text)
    Timer4_Init                              0x000028b5   Thumb Code   100  exit.o(.text)
    USART_WIFI_JX                            0x00002955   Thumb Code    52  uart_my.o(.text)
    Normal_data                              0x00002989   Thumb Code   228  uart_my.o(.text)
    Abnormal_data                            0x00002a6d   Thumb Code   300  uart_my.o(.text)
    send_data_zigbee                         0x00002b99   Thumb Code    22  uart_my.o(.text)
    send_data_wifi                           0x00002baf   Thumb Code    16  uart_my.o(.text)
    CanDrv_HSpeedMode                        0x00002bd9   Thumb Code    30  can_drv.o(.text)
    CanDrv_Hinit                             0x00002bf7   Thumb Code   300  can_drv.o(.text)
    CanDrv_Sinit                             0x00002d23   Thumb Code    10  can_drv.o(.text)
    USB_LP_CAN1_RX0_IRQHandler               0x00002d2d   Thumb Code    14  can_drv.o(.text)
    CanDrv_TxEmptyCheck                      0x00002d3b   Thumb Code    20  can_drv.o(.text)
    CanDrv_TxData                            0x00002d4f   Thumb Code   106  can_drv.o(.text)
    CanDrv_TxStatus                          0x00002db9   Thumb Code    14  can_drv.o(.text)
    CanDrv_TxDelay                           0x00002dc7   Thumb Code    56  can_drv.o(.text)
    CanDrv_WhaitTxEmpty                      0x00002dff   Thumb Code    14  can_drv.o(.text)
    CanDrv_RxCheck                           0x00002e0d   Thumb Code    12  can_drv.o(.text)
    CanDrv_RxData                            0x00002e19   Thumb Code    50  can_drv.o(.text)
    CanDrv_RxGetMeesage                      0x00002e4b   Thumb Code    34  can_drv.o(.text)
    CanDrv_FiterUpdata                       0x00002ed3   Thumb Code   650  can_drv.o(.text)
    CanP_FifoInitS                           0x0000315d   Thumb Code    22  canp_hostcom.o(.text)
    CanP_FifoInit                            0x00003173   Thumb Code    54  canp_hostcom.o(.text)
    CanP_Init                                0x000031a9   Thumb Code    36  canp_hostcom.o(.text)
    CanP_test_tbuf_init                      0x000031cd   Thumb Code     2  canp_hostcom.o(.text)
    CanP_TestFifo                            0x000031cf   Thumb Code    74  canp_hostcom.o(.text)
    CanP_Check                               0x00003219   Thumb Code    52  canp_hostcom.o(.text)
    CanP_CanRx_Irq                           0x0000324d   Thumb Code   146  canp_hostcom.o(.text)
    CanP_CanRx_Check                         0x000032df   Thumb Code    18  canp_hostcom.o(.text)
    Host_Receive_UpTrack                     0x000032f1   Thumb Code     8  canp_hostcom.o(.text)
    CanP_Host_Main                           0x000032f9   Thumb Code   178  canp_hostcom.o(.text)
    CanP_WaitTx                              0x000033ab   Thumb Code    32  canp_hostcom.o(.text)
    CanP_CanTx_Check                         0x000033cb   Thumb Code   110  canp_hostcom.o(.text)
    Send_Electric                            0x00003439   Thumb Code    44  canp_hostcom.o(.text)
    Send_Debug_Info                          0x00003465   Thumb Code    30  canp_hostcom.o(.text)
    Send_UpMotor                             0x00003483   Thumb Code    52  canp_hostcom.o(.text)
    Get_Host_UpTrack                         0x000034b7   Thumb Code    44  canp_hostcom.o(.text)
    Set_Track_Pwr                            0x000034e3   Thumb Code    44  canp_hostcom.o(.text)
    Set_Track_Yzbj                           0x0000350f   Thumb Code    50  canp_hostcom.o(.text)
    Set_Track_Init                           0x00003541   Thumb Code   130  canp_hostcom.o(.text)
    Host_Set_UpTrack                         0x000035c3   Thumb Code    36  canp_hostcom.o(.text)
    Host_Open_UpTrack                        0x000035e7   Thumb Code    12  canp_hostcom.o(.text)
    Host_Close_UpTrack                       0x000035f3   Thumb Code    30  canp_hostcom.o(.text)
    Send_ZigbeeData_To_Fifo                  0x00003611   Thumb Code    18  canp_hostcom.o(.text)
    Send_WifiData_To_Fifo                    0x00003623   Thumb Code    18  canp_hostcom.o(.text)
    FifoDrv_Init                             0x0000363d   Thumb Code    36  fifo_drv.o(.text)
    FifoDrv_StructCheck                      0x00003661   Thumb Code    36  fifo_drv.o(.text)
    FifoDrv_CheckWriteEn                     0x00003685   Thumb Code    28  fifo_drv.o(.text)
    FifoDrv_WriteOne                         0x000036a1   Thumb Code    44  fifo_drv.o(.text)
    FifoDrv_CheckReadEn                      0x000036cd   Thumb Code    48  fifo_drv.o(.text)
    FifoDrv_ReadOne                          0x000036fd   Thumb Code    48  fifo_drv.o(.text)
    FifoDrv_BufWrite                         0x0000372d   Thumb Code    40  fifo_drv.o(.text)
    FifoDrv_BufRead                          0x00003755   Thumb Code    42  fifo_drv.o(.text)
    Adc_Init                                 0x00003781   Thumb Code   132  adc.o(.text)
    Get_Adc                                  0x00003805   Thumb Code    46  adc.o(.text)
    Get_Adc_Average                          0x00003833   Thumb Code    46  adc.o(.text)
    Get_Electricity                          0x00003869   Thumb Code    46  power_check.o(.text)
    Parameter_Init                           0x00003897   Thumb Code    70  power_check.o(.text)
    Electricity_Init                         0x000038dd   Thumb Code    12  power_check.o(.text)
    Power_Check                              0x000038e9   Thumb Code   226  power_check.o(.text)
    TIM5_Int_Init                            0x000039f1   Thumb Code    60  timer.o(.text)
    TIM6_Int_Init                            0x00003a2d   Thumb Code    98  timer.o(.text)
    TIM6_IRQHandler                          0x00003a8f   Thumb Code    30  timer.o(.text)
    TIM7_Int_Init                            0x00003aad   Thumb Code    90  timer.o(.text)
    TIM7_IRQHandler                          0x00003b07   Thumb Code    36  timer.o(.text)
    TIM8_Int_Init                            0x00003b2b   Thumb Code   100  timer.o(.text)
    TIM8_UP_IRQHandler                       0x00003b8f   Thumb Code   362  timer.o(.text)
    Delay1ms                                 0x00003d35   Thumb Code    10  syn7318.o(.text)
    Delay500ms                               0x00003d3f   Thumb Code    12  syn7318.o(.text)
    SYN7318_Init                             0x00003d4b   Thumb Code    62  syn7318.o(.text)
    SYN7318_Get_char                         0x00003d89   Thumb Code    30  syn7318.o(.text)
    SYN7318_Get_String                       0x00003da7   Thumb Code    26  syn7318.o(.text)
    SYN7318_Rst                              0x00003dc1   Thumb Code    72  syn7318.o(.text)
    SYN7318_Open                             0x00003e09   Thumb Code    12  syn7318.o(.text)
    SYN7318_Close                            0x00003e15   Thumb Code    12  syn7318.o(.text)
    SYN7318_Put_Char                         0x00003e21   Thumb Code    12  syn7318.o(.text)
    SYN7318_Put_String                       0x00003e2d   Thumb Code    24  syn7318.o(.text)
    SYN_TTS                                  0x00003e45   Thumb Code   114  syn7318.o(.text)
    SYN_MP3                                  0x00003eb7   Thumb Code    70  syn7318.o(.text)
    Start_ASR                                0x00003efd   Thumb Code    90  syn7318.o(.text)
    Stop_ASR                                 0x00003f57   Thumb Code    44  syn7318.o(.text)
    Dict_TTS                                 0x00003f83   Thumb Code    84  syn7318.o(.text)
    Start_WakeUp                             0x00003fd7   Thumb Code    80  syn7318.o(.text)
    Yu_Yin_Asr                               0x00004027   Thumb Code  2344  syn7318.o(.text)
    Three_One                                0x0000494f   Thumb Code   172  syn7318.o(.text)
    Status_Query                             0x000049fb   Thumb Code    60  syn7318.o(.text)
    SYN7318_Test                             0x00004a37   Thumb Code   292  syn7318.o(.text)
    SYN7318_Test_                            0x00004b5b   Thumb Code   200  syn7318.o(.text)
    Three_One_Test                           0x00004c23   Thumb Code   158  syn7318.o(.text)
    htTrack                                  0x00004de5   Thumb Code   532  htxj.o(.text)
    NVIC_PriorityGroupConfig                 0x0000501d   Thumb Code    10  misc.o(.text)
    NVIC_Init                                0x00005027   Thumb Code   100  misc.o(.text)
    NVIC_SetVectorTable                      0x0000508b   Thumb Code    14  misc.o(.text)
    NVIC_SystemLPConfig                      0x00005099   Thumb Code    34  misc.o(.text)
    SysTick_CLKSourceConfig                  0x000050bb   Thumb Code    40  misc.o(.text)
    ADC_DeInit                               0x000050f9   Thumb Code    78  stm32f10x_adc.o(.text)
    ADC_Init                                 0x00005147   Thumb Code    70  stm32f10x_adc.o(.text)
    ADC_StructInit                           0x0000518d   Thumb Code    18  stm32f10x_adc.o(.text)
    ADC_Cmd                                  0x0000519f   Thumb Code    22  stm32f10x_adc.o(.text)
    ADC_DMACmd                               0x000051b5   Thumb Code    22  stm32f10x_adc.o(.text)
    ADC_ITConfig                             0x000051cb   Thumb Code    24  stm32f10x_adc.o(.text)
    ADC_ResetCalibration                     0x000051e3   Thumb Code    10  stm32f10x_adc.o(.text)
    ADC_GetResetCalibrationStatus            0x000051ed   Thumb Code    20  stm32f10x_adc.o(.text)
    ADC_StartCalibration                     0x00005201   Thumb Code    10  stm32f10x_adc.o(.text)
    ADC_GetCalibrationStatus                 0x0000520b   Thumb Code    20  stm32f10x_adc.o(.text)
    ADC_SoftwareStartConvCmd                 0x0000521f   Thumb Code    22  stm32f10x_adc.o(.text)
    ADC_GetSoftwareStartConvStatus           0x00005235   Thumb Code    20  stm32f10x_adc.o(.text)
    ADC_DiscModeChannelCountConfig           0x00005249   Thumb Code    24  stm32f10x_adc.o(.text)
    ADC_DiscModeCmd                          0x00005261   Thumb Code    22  stm32f10x_adc.o(.text)
    ADC_RegularChannelConfig                 0x00005277   Thumb Code   184  stm32f10x_adc.o(.text)
    ADC_ExternalTrigConvCmd                  0x0000532f   Thumb Code    22  stm32f10x_adc.o(.text)
    ADC_GetConversionValue                   0x00005345   Thumb Code     8  stm32f10x_adc.o(.text)
    ADC_GetDualModeConversionValue           0x0000534d   Thumb Code     8  stm32f10x_adc.o(.text)
    ADC_AutoInjectedConvCmd                  0x00005355   Thumb Code    22  stm32f10x_adc.o(.text)
    ADC_InjectedDiscModeCmd                  0x0000536b   Thumb Code    22  stm32f10x_adc.o(.text)
    ADC_ExternalTrigInjectedConvConfig       0x00005381   Thumb Code    16  stm32f10x_adc.o(.text)
    ADC_ExternalTrigInjectedConvCmd          0x00005391   Thumb Code    22  stm32f10x_adc.o(.text)
    ADC_SoftwareStartInjectedConvCmd         0x000053a7   Thumb Code    22  stm32f10x_adc.o(.text)
    ADC_GetSoftwareStartInjectedConvCmdStatus 0x000053bd   Thumb Code    20  stm32f10x_adc.o(.text)
    ADC_InjectedChannelConfig                0x000053d1   Thumb Code   130  stm32f10x_adc.o(.text)
    ADC_InjectedSequencerLengthConfig        0x00005453   Thumb Code    24  stm32f10x_adc.o(.text)
    ADC_SetInjectedOffset                    0x0000546b   Thumb Code    20  stm32f10x_adc.o(.text)
    ADC_GetInjectedConversionValue           0x0000547f   Thumb Code    28  stm32f10x_adc.o(.text)
    ADC_AnalogWatchdogCmd                    0x0000549b   Thumb Code    16  stm32f10x_adc.o(.text)
    ADC_AnalogWatchdogThresholdsConfig       0x000054ab   Thumb Code     6  stm32f10x_adc.o(.text)
    ADC_AnalogWatchdogSingleChannelConfig    0x000054b1   Thumb Code    16  stm32f10x_adc.o(.text)
    ADC_TempSensorVrefintCmd                 0x000054c1   Thumb Code    64  stm32f10x_adc.o(.text)
    ADC_GetFlagStatus                        0x00005501   Thumb Code    18  stm32f10x_adc.o(.text)
    ADC_ClearFlag                            0x00005513   Thumb Code     6  stm32f10x_adc.o(.text)
    ADC_GetITStatus                          0x00005519   Thumb Code    36  stm32f10x_adc.o(.text)
    ADC_ClearITPendingBit                    0x0000553d   Thumb Code    10  stm32f10x_adc.o(.text)
    CAN_DeInit                               0x00005549   Thumb Code    50  stm32f10x_can.o(.text)
    CAN_Init                                 0x0000557b   Thumb Code   276  stm32f10x_can.o(.text)
    CAN_FilterInit                           0x0000568f   Thumb Code   258  stm32f10x_can.o(.text)
    CAN_StructInit                           0x00005791   Thumb Code    32  stm32f10x_can.o(.text)
    CAN_SlaveStartBank                       0x000057b1   Thumb Code    48  stm32f10x_can.o(.text)
    CAN_DBGFreeze                            0x000057e1   Thumb Code    22  stm32f10x_can.o(.text)
    CAN_TTComModeCmd                         0x000057f7   Thumb Code   118  stm32f10x_can.o(.text)
    CAN_Transmit                             0x0000586d   Thumb Code   304  stm32f10x_can.o(.text)
    CAN_TransmitStatus                       0x0000599d   Thumb Code   138  stm32f10x_can.o(.text)
    CAN_CancelTransmit                       0x00005a27   Thumb Code    48  stm32f10x_can.o(.text)
    CAN_Receive                              0x00005a57   Thumb Code   240  stm32f10x_can.o(.text)
    CAN_FIFORelease                          0x00005b47   Thumb Code    22  stm32f10x_can.o(.text)
    CAN_MessagePending                       0x00005b5d   Thumb Code    30  stm32f10x_can.o(.text)
    CAN_OperatingModeRequest                 0x00005b7b   Thumb Code   162  stm32f10x_can.o(.text)
    CAN_Sleep                                0x00005c1d   Thumb Code    30  stm32f10x_can.o(.text)
    CAN_WakeUp                               0x00005c3b   Thumb Code    48  stm32f10x_can.o(.text)
    CAN_GetLastErrorCode                     0x00005c6b   Thumb Code    12  stm32f10x_can.o(.text)
    CAN_GetReceiveErrorCounter               0x00005c77   Thumb Code    10  stm32f10x_can.o(.text)
    CAN_GetLSBTransmitErrorCounter           0x00005c81   Thumb Code    12  stm32f10x_can.o(.text)
    CAN_ITConfig                             0x00005c8d   Thumb Code    18  stm32f10x_can.o(.text)
    CAN_GetFlagStatus                        0x00005c9f   Thumb Code   120  stm32f10x_can.o(.text)
    CAN_ClearFlag                            0x00005d17   Thumb Code    52  stm32f10x_can.o(.text)
    CAN_GetITStatus                          0x00005d5d   Thumb Code   310  stm32f10x_can.o(.text)
    CAN_ClearITPendingBit                    0x00005e93   Thumb Code   162  stm32f10x_can.o(.text)
    EXTI_DeInit                              0x00005f39   Thumb Code    28  stm32f10x_exti.o(.text)
    EXTI_Init                                0x00005f55   Thumb Code   142  stm32f10x_exti.o(.text)
    EXTI_StructInit                          0x00005fe3   Thumb Code    16  stm32f10x_exti.o(.text)
    EXTI_GenerateSWInterrupt                 0x00005ff3   Thumb Code    16  stm32f10x_exti.o(.text)
    EXTI_GetFlagStatus                       0x00006003   Thumb Code    22  stm32f10x_exti.o(.text)
    EXTI_ClearFlag                           0x00006019   Thumb Code     8  stm32f10x_exti.o(.text)
    EXTI_GetITStatus                         0x00006021   Thumb Code    34  stm32f10x_exti.o(.text)
    EXTI_ClearITPendingBit                   0x00006043   Thumb Code     8  stm32f10x_exti.o(.text)
    GPIO_DeInit                              0x00006055   Thumb Code   172  stm32f10x_gpio.o(.text)
    GPIO_AFIODeInit                          0x00006101   Thumb Code    20  stm32f10x_gpio.o(.text)
    GPIO_Init                                0x00006115   Thumb Code   278  stm32f10x_gpio.o(.text)
    GPIO_StructInit                          0x0000622b   Thumb Code    16  stm32f10x_gpio.o(.text)
    GPIO_ReadInputDataBit                    0x0000623b   Thumb Code    18  stm32f10x_gpio.o(.text)
    GPIO_ReadInputData                       0x0000624d   Thumb Code     8  stm32f10x_gpio.o(.text)
    GPIO_ReadOutputDataBit                   0x00006255   Thumb Code    18  stm32f10x_gpio.o(.text)
    GPIO_ReadOutputData                      0x00006267   Thumb Code     8  stm32f10x_gpio.o(.text)
    GPIO_SetBits                             0x0000626f   Thumb Code     4  stm32f10x_gpio.o(.text)
    GPIO_ResetBits                           0x00006273   Thumb Code     4  stm32f10x_gpio.o(.text)
    GPIO_WriteBit                            0x00006277   Thumb Code    10  stm32f10x_gpio.o(.text)
    GPIO_Write                               0x00006281   Thumb Code     4  stm32f10x_gpio.o(.text)
    GPIO_PinLockConfig                       0x00006285   Thumb Code    18  stm32f10x_gpio.o(.text)
    GPIO_EventOutputConfig                   0x00006297   Thumb Code    26  stm32f10x_gpio.o(.text)
    GPIO_EventOutputCmd                      0x000062b1   Thumb Code     6  stm32f10x_gpio.o(.text)
    GPIO_PinRemapConfig                      0x000062b7   Thumb Code   138  stm32f10x_gpio.o(.text)
    GPIO_EXTILineConfig                      0x00006341   Thumb Code    66  stm32f10x_gpio.o(.text)
    GPIO_ETH_MediaInterfaceConfig            0x00006383   Thumb Code     8  stm32f10x_gpio.o(.text)
    RCC_DeInit                               0x000063b1   Thumb Code    64  stm32f10x_rcc.o(.text)
    RCC_HSEConfig                            0x000063f1   Thumb Code    70  stm32f10x_rcc.o(.text)
    RCC_GetFlagStatus                        0x00006437   Thumb Code    56  stm32f10x_rcc.o(.text)
    RCC_WaitForHSEStartUp                    0x0000646f   Thumb Code    56  stm32f10x_rcc.o(.text)
    RCC_AdjustHSICalibrationValue            0x000064a7   Thumb Code    20  stm32f10x_rcc.o(.text)
    RCC_HSICmd                               0x000064bb   Thumb Code     6  stm32f10x_rcc.o(.text)
    RCC_PLLConfig                            0x000064c1   Thumb Code    24  stm32f10x_rcc.o(.text)
    RCC_PLLCmd                               0x000064d9   Thumb Code     6  stm32f10x_rcc.o(.text)
    RCC_SYSCLKConfig                         0x000064df   Thumb Code    18  stm32f10x_rcc.o(.text)
    RCC_GetSYSCLKSource                      0x000064f1   Thumb Code    10  stm32f10x_rcc.o(.text)
    RCC_HCLKConfig                           0x000064fb   Thumb Code    18  stm32f10x_rcc.o(.text)
    RCC_PCLK1Config                          0x0000650d   Thumb Code    18  stm32f10x_rcc.o(.text)
    RCC_PCLK2Config                          0x0000651f   Thumb Code    20  stm32f10x_rcc.o(.text)
    RCC_ITConfig                             0x00006533   Thumb Code    26  stm32f10x_rcc.o(.text)
    RCC_USBCLKConfig                         0x0000654d   Thumb Code     8  stm32f10x_rcc.o(.text)
    RCC_ADCCLKConfig                         0x00006555   Thumb Code    18  stm32f10x_rcc.o(.text)
    RCC_LSEConfig                            0x00006567   Thumb Code    50  stm32f10x_rcc.o(.text)
    RCC_LSICmd                               0x00006599   Thumb Code     6  stm32f10x_rcc.o(.text)
    RCC_RTCCLKConfig                         0x0000659f   Thumb Code    12  stm32f10x_rcc.o(.text)
    RCC_RTCCLKCmd                            0x000065ab   Thumb Code     8  stm32f10x_rcc.o(.text)
    RCC_GetClocksFreq                        0x000065b3   Thumb Code   192  stm32f10x_rcc.o(.text)
    RCC_AHBPeriphClockCmd                    0x00006673   Thumb Code    26  stm32f10x_rcc.o(.text)
    RCC_APB2PeriphClockCmd                   0x0000668d   Thumb Code    26  stm32f10x_rcc.o(.text)
    RCC_APB1PeriphClockCmd                   0x000066a7   Thumb Code    26  stm32f10x_rcc.o(.text)
    RCC_APB2PeriphResetCmd                   0x000066c1   Thumb Code    26  stm32f10x_rcc.o(.text)
    RCC_APB1PeriphResetCmd                   0x000066db   Thumb Code    26  stm32f10x_rcc.o(.text)
    RCC_BackupResetCmd                       0x000066f5   Thumb Code     8  stm32f10x_rcc.o(.text)
    RCC_ClockSecuritySystemCmd               0x000066fd   Thumb Code     6  stm32f10x_rcc.o(.text)
    RCC_MCOConfig                            0x00006703   Thumb Code     6  stm32f10x_rcc.o(.text)
    RCC_ClearFlag                            0x00006709   Thumb Code    14  stm32f10x_rcc.o(.text)
    RCC_GetITStatus                          0x00006717   Thumb Code    20  stm32f10x_rcc.o(.text)
    RCC_ClearITPendingBit                    0x0000672b   Thumb Code     6  stm32f10x_rcc.o(.text)
    TIM_DeInit                               0x00006755   Thumb Code   424  stm32f10x_tim.o(.text)
    TIM_TimeBaseInit                         0x000068fd   Thumb Code   122  stm32f10x_tim.o(.text)
    TIM_OC1Init                              0x00006977   Thumb Code   132  stm32f10x_tim.o(.text)
    TIM_OC2Init                              0x000069fb   Thumb Code   154  stm32f10x_tim.o(.text)
    TIM_OC3Init                              0x00006a95   Thumb Code   150  stm32f10x_tim.o(.text)
    TIM_OC4Init                              0x00006b2b   Thumb Code   182  stm32f10x_tim.o(.text)
    TIM_SetIC4Prescaler                      0x00006be1   Thumb Code    26  stm32f10x_tim.o(.text)
    TIM_SetIC3Prescaler                      0x00006c7d   Thumb Code    18  stm32f10x_tim.o(.text)
    TIM_SetIC2Prescaler                      0x00006d09   Thumb Code    26  stm32f10x_tim.o(.text)
    TIM_SetIC1Prescaler                      0x00006da5   Thumb Code    18  stm32f10x_tim.o(.text)
    TIM_ICInit                               0x00006e23   Thumb Code   150  stm32f10x_tim.o(.text)
    TIM_PWMIConfig                           0x00006eb9   Thumb Code   124  stm32f10x_tim.o(.text)
    TIM_BDTRConfig                           0x00006f35   Thumb Code    32  stm32f10x_tim.o(.text)
    TIM_TimeBaseStructInit                   0x00006f55   Thumb Code    18  stm32f10x_tim.o(.text)
    TIM_OCStructInit                         0x00006f67   Thumb Code    20  stm32f10x_tim.o(.text)
    TIM_ICStructInit                         0x00006f7b   Thumb Code    18  stm32f10x_tim.o(.text)
    TIM_BDTRStructInit                       0x00006f8d   Thumb Code    40  stm32f10x_tim.o(.text)
    TIM_Cmd                                  0x00006fb5   Thumb Code    24  stm32f10x_tim.o(.text)
    TIM_CtrlPWMOutputs                       0x00006fcd   Thumb Code    30  stm32f10x_tim.o(.text)
    TIM_ITConfig                             0x00006feb   Thumb Code    18  stm32f10x_tim.o(.text)
    TIM_GenerateEvent                        0x00006ffd   Thumb Code     4  stm32f10x_tim.o(.text)
    TIM_DMAConfig                            0x00007001   Thumb Code    10  stm32f10x_tim.o(.text)
    TIM_DMACmd                               0x0000700b   Thumb Code    18  stm32f10x_tim.o(.text)
    TIM_InternalClockConfig                  0x0000701d   Thumb Code    12  stm32f10x_tim.o(.text)
    TIM_SelectInputTrigger                   0x00007029   Thumb Code    18  stm32f10x_tim.o(.text)
    TIM_ITRxExternalClockConfig              0x0000703b   Thumb Code    24  stm32f10x_tim.o(.text)
    TIM_TIxExternalClockConfig               0x00007053   Thumb Code    62  stm32f10x_tim.o(.text)
    TIM_ETRConfig                            0x00007091   Thumb Code    28  stm32f10x_tim.o(.text)
    TIM_ETRClockMode1Config                  0x000070ad   Thumb Code    54  stm32f10x_tim.o(.text)
    TIM_ETRClockMode2Config                  0x000070e3   Thumb Code    32  stm32f10x_tim.o(.text)
    TIM_PrescalerConfig                      0x00007103   Thumb Code     6  stm32f10x_tim.o(.text)
    TIM_CounterModeConfig                    0x00007109   Thumb Code    18  stm32f10x_tim.o(.text)
    TIM_EncoderInterfaceConfig               0x0000711b   Thumb Code    66  stm32f10x_tim.o(.text)
    TIM_ForcedOC1Config                      0x0000715d   Thumb Code    18  stm32f10x_tim.o(.text)
    TIM_ForcedOC2Config                      0x0000716f   Thumb Code    26  stm32f10x_tim.o(.text)
    TIM_ForcedOC3Config                      0x00007189   Thumb Code    18  stm32f10x_tim.o(.text)
    TIM_ForcedOC4Config                      0x0000719b   Thumb Code    26  stm32f10x_tim.o(.text)
    TIM_ARRPreloadConfig                     0x000071b5   Thumb Code    24  stm32f10x_tim.o(.text)
    TIM_SelectCOM                            0x000071cd   Thumb Code    24  stm32f10x_tim.o(.text)
    TIM_SelectCCDMA                          0x000071e5   Thumb Code    24  stm32f10x_tim.o(.text)
    TIM_CCPreloadControl                     0x000071fd   Thumb Code    24  stm32f10x_tim.o(.text)
    TIM_OC1PreloadConfig                     0x00007215   Thumb Code    18  stm32f10x_tim.o(.text)
    TIM_OC2PreloadConfig                     0x00007227   Thumb Code    26  stm32f10x_tim.o(.text)
    TIM_OC3PreloadConfig                     0x00007241   Thumb Code    18  stm32f10x_tim.o(.text)
    TIM_OC4PreloadConfig                     0x00007253   Thumb Code    26  stm32f10x_tim.o(.text)
    TIM_OC1FastConfig                        0x0000726d   Thumb Code    18  stm32f10x_tim.o(.text)
    TIM_OC2FastConfig                        0x0000727f   Thumb Code    26  stm32f10x_tim.o(.text)
    TIM_OC3FastConfig                        0x00007299   Thumb Code    18  stm32f10x_tim.o(.text)
    TIM_OC4FastConfig                        0x000072ab   Thumb Code    26  stm32f10x_tim.o(.text)
    TIM_ClearOC1Ref                          0x000072c5   Thumb Code    18  stm32f10x_tim.o(.text)
    TIM_ClearOC2Ref                          0x000072d7   Thumb Code    24  stm32f10x_tim.o(.text)
    TIM_ClearOC3Ref                          0x000072ef   Thumb Code    18  stm32f10x_tim.o(.text)
    TIM_ClearOC4Ref                          0x00007301   Thumb Code    24  stm32f10x_tim.o(.text)
    TIM_OC1PolarityConfig                    0x00007319   Thumb Code    18  stm32f10x_tim.o(.text)
    TIM_OC1NPolarityConfig                   0x0000732b   Thumb Code    18  stm32f10x_tim.o(.text)
    TIM_OC2PolarityConfig                    0x0000733d   Thumb Code    26  stm32f10x_tim.o(.text)
    TIM_OC2NPolarityConfig                   0x00007357   Thumb Code    26  stm32f10x_tim.o(.text)
    TIM_OC3PolarityConfig                    0x00007371   Thumb Code    26  stm32f10x_tim.o(.text)
    TIM_OC3NPolarityConfig                   0x0000738b   Thumb Code    26  stm32f10x_tim.o(.text)
    TIM_OC4PolarityConfig                    0x000073a5   Thumb Code    26  stm32f10x_tim.o(.text)
    TIM_CCxCmd                               0x000073bf   Thumb Code    30  stm32f10x_tim.o(.text)
    TIM_CCxNCmd                              0x000073dd   Thumb Code    30  stm32f10x_tim.o(.text)
    TIM_SelectOCxM                           0x000073fb   Thumb Code    82  stm32f10x_tim.o(.text)
    TIM_UpdateDisableConfig                  0x0000744d   Thumb Code    24  stm32f10x_tim.o(.text)
    TIM_UpdateRequestConfig                  0x00007465   Thumb Code    24  stm32f10x_tim.o(.text)
    TIM_SelectHallSensor                     0x0000747d   Thumb Code    24  stm32f10x_tim.o(.text)
    TIM_SelectOnePulseMode                   0x00007495   Thumb Code    18  stm32f10x_tim.o(.text)
    TIM_SelectOutputTrigger                  0x000074a7   Thumb Code    18  stm32f10x_tim.o(.text)
    TIM_SelectSlaveMode                      0x000074b9   Thumb Code    18  stm32f10x_tim.o(.text)
    TIM_SelectMasterSlaveMode                0x000074cb   Thumb Code    18  stm32f10x_tim.o(.text)
    TIM_SetCounter                           0x000074dd   Thumb Code     4  stm32f10x_tim.o(.text)
    TIM_SetAutoreload                        0x000074e1   Thumb Code     4  stm32f10x_tim.o(.text)
    TIM_SetCompare1                          0x000074e5   Thumb Code     4  stm32f10x_tim.o(.text)
    TIM_SetCompare2                          0x000074e9   Thumb Code     4  stm32f10x_tim.o(.text)
    TIM_SetCompare3                          0x000074ed   Thumb Code     4  stm32f10x_tim.o(.text)
    TIM_SetCompare4                          0x000074f1   Thumb Code     6  stm32f10x_tim.o(.text)
    TIM_SetClockDivision                     0x000074f7   Thumb Code    18  stm32f10x_tim.o(.text)
    TIM_GetCapture1                          0x00007509   Thumb Code     6  stm32f10x_tim.o(.text)
    TIM_GetCapture2                          0x0000750f   Thumb Code     6  stm32f10x_tim.o(.text)
    TIM_GetCapture3                          0x00007515   Thumb Code     6  stm32f10x_tim.o(.text)
    TIM_GetCapture4                          0x0000751b   Thumb Code     8  stm32f10x_tim.o(.text)
    TIM_GetCounter                           0x00007523   Thumb Code     6  stm32f10x_tim.o(.text)
    TIM_GetPrescaler                         0x00007529   Thumb Code     6  stm32f10x_tim.o(.text)
    TIM_GetFlagStatus                        0x0000752f   Thumb Code    18  stm32f10x_tim.o(.text)
    TIM_ClearFlag                            0x00007541   Thumb Code     6  stm32f10x_tim.o(.text)
    TIM_GetITStatus                          0x00007547   Thumb Code    34  stm32f10x_tim.o(.text)
    TIM_ClearITPendingBit                    0x00007569   Thumb Code     6  stm32f10x_tim.o(.text)
    USART_DeInit                             0x00007571   Thumb Code   134  stm32f10x_usart.o(.text)
    USART_Init                               0x000075f7   Thumb Code   210  stm32f10x_usart.o(.text)
    USART_StructInit                         0x000076c9   Thumb Code    24  stm32f10x_usart.o(.text)
    USART_ClockInit                          0x000076e1   Thumb Code    34  stm32f10x_usart.o(.text)
    USART_ClockStructInit                    0x00007703   Thumb Code    12  stm32f10x_usart.o(.text)
    USART_Cmd                                0x0000770f   Thumb Code    24  stm32f10x_usart.o(.text)
    USART_ITConfig                           0x00007727   Thumb Code    74  stm32f10x_usart.o(.text)
    USART_DMACmd                             0x00007771   Thumb Code    18  stm32f10x_usart.o(.text)
    USART_SetAddress                         0x00007783   Thumb Code    18  stm32f10x_usart.o(.text)
    USART_WakeUpConfig                       0x00007795   Thumb Code    18  stm32f10x_usart.o(.text)
    USART_ReceiverWakeUpCmd                  0x000077a7   Thumb Code    24  stm32f10x_usart.o(.text)
    USART_LINBreakDetectLengthConfig         0x000077bf   Thumb Code    18  stm32f10x_usart.o(.text)
    USART_LINCmd                             0x000077d1   Thumb Code    24  stm32f10x_usart.o(.text)
    USART_SendData                           0x000077e9   Thumb Code     8  stm32f10x_usart.o(.text)
    USART_ReceiveData                        0x000077f1   Thumb Code    10  stm32f10x_usart.o(.text)
    USART_SendBreak                          0x000077fb   Thumb Code    10  stm32f10x_usart.o(.text)
    USART_SetGuardTime                       0x00007805   Thumb Code    16  stm32f10x_usart.o(.text)
    USART_SetPrescaler                       0x00007815   Thumb Code    16  stm32f10x_usart.o(.text)
    USART_SmartCardCmd                       0x00007825   Thumb Code    24  stm32f10x_usart.o(.text)
    USART_SmartCardNACKCmd                   0x0000783d   Thumb Code    24  stm32f10x_usart.o(.text)
    USART_HalfDuplexCmd                      0x00007855   Thumb Code    24  stm32f10x_usart.o(.text)
    USART_OverSampling8Cmd                   0x0000786d   Thumb Code    22  stm32f10x_usart.o(.text)
    USART_OneBitMethodCmd                    0x00007883   Thumb Code    24  stm32f10x_usart.o(.text)
    USART_IrDAConfig                         0x0000789b   Thumb Code    18  stm32f10x_usart.o(.text)
    USART_IrDACmd                            0x000078ad   Thumb Code    24  stm32f10x_usart.o(.text)
    USART_GetFlagStatus                      0x000078c5   Thumb Code    26  stm32f10x_usart.o(.text)
    USART_ClearFlag                          0x000078df   Thumb Code    18  stm32f10x_usart.o(.text)
    USART_GetITStatus                        0x000078f1   Thumb Code    84  stm32f10x_usart.o(.text)
    USART_ClearITPendingBit                  0x00007945   Thumb Code    52  stm32f10x_usart.o(.text)
    JC_XY                                    0x00007979   Thumb Code    42  move.o(.text)
    mask_M                                   0x000079a3   Thumb Code    32  move.o(.text)
    STOP1                                    0x000079c3   Thumb Code    18  move.o(.text)
    CSXJ                                     0x000079d5   Thumb Code    48  move.o(.text)
    HTXJ                                     0x00007a05   Thumb Code    52  move.o(.text)
    car_go                                   0x00007a39   Thumb Code    52  move.o(.text)
    car_left                                 0x00007a6d   Thumb Code    88  move.o(.text)
    car_right                                0x00007ac5   Thumb Code    90  move.o(.text)
    car_half_left                            0x00007b1f   Thumb Code    54  move.o(.text)
    car_half_right                           0x00007b55   Thumb Code    56  move.o(.text)
    car_back                                 0x00007b8d   Thumb Code    70  move.o(.text)
    car_xj                                   0x00007bd3   Thumb Code    68  move.o(.text)
    car_longline                             0x00007c17   Thumb Code    12  move.o(.text)
    car_shortline                            0x00007c23   Thumb Code    12  move.o(.text)
    longline_flag                            0x00007c2f   Thumb Code    24  move.o(.text)
    shortline_flag                           0x00007c47   Thumb Code    18  move.o(.text)
    front_flag                               0x00007c59   Thumb Code    12  move.o(.text)
    back_flag                                0x00007c65   Thumb Code    14  move.o(.text)
    crossroad_flag                           0x00007c73   Thumb Code    34  move.o(.text)
    obstacle_check                           0x00007c95   Thumb Code    62  move.o(.text)
    check_obstacle                           0x00007cd3   Thumb Code   156  move.o(.text)
    recursive                                0x00007d6f   Thumb Code   218  move.o(.text)
    breadth                                  0x00007e49   Thumb Code   488  move.o(.text)
    updata_luxin                             0x00008031   Thumb Code   272  move.o(.text)
    car_curxyd                               0x00008141   Thumb Code    14  move.o(.text)
    way_dir                                  0x0000814f   Thumb Code    68  move.o(.text)
    way_run                                  0x00008193   Thumb Code   716  move.o(.text)
    way_car                                  0x0000845f   Thumb Code  1202  move.o(.text)
    back_function                            0x00008939   Thumb Code   100  feedback.o(.text)
    back_state                               0x0000899d   Thumb Code    38  feedback.o(.text)
    RFID_state                               0x000089c3   Thumb Code    38  feedback.o(.text)
    voice_appoint                            0x000089e9   Thumb Code    38  feedback.o(.text)
    data_other                               0x00008a0f   Thumb Code   180  feedback.o(.text)
    rc522_init                               0x00008af5   Thumb Code    16  rc522_my.o(.text)
    rc522_read                               0x00008b05   Thumb Code   228  rc522_my.o(.text)
    myrc522_write                            0x00008be9   Thumb Code   180  rc522_my.o(.text)
    delay_ns                                 0x00008cad   Thumb Code    18  rc522.o(.text)
    RC522_Uart_init                          0x00008cbf   Thumb Code   164  rc522.o(.text)
    Rece_data                                0x00008d63   Thumb Code    44  rc522.o(.text)
    Send_data                                0x00008d8f   Thumb Code    50  rc522.o(.text)
    WriteRawRC                               0x00008dc1   Thumb Code    72  rc522.o(.text)
    ReadRawRC                                0x00008e09   Thumb Code    42  rc522.o(.text)
    SetBitMask                               0x00008e33   Thumb Code    28  rc522.o(.text)
    PcdAntennaOn                             0x00008e4f   Thumb Code    26  rc522.o(.text)
    ClearBitMask                             0x00008e69   Thumb Code    28  rc522.o(.text)
    M500PcdConfigISOType                     0x00008e85   Thumb Code    94  rc522.o(.text)
    PcdAntennaOff                            0x00008ee3   Thumb Code    12  rc522.o(.text)
    PcdReset                                 0x00008eef   Thumb Code    68  rc522.o(.text)
    InitRc522                                0x00008f33   Thumb Code    28  rc522.o(.text)
    Reset_RC522                              0x00008f4f   Thumb Code    22  rc522.o(.text)
    PcdComMF522                              0x00008f65   Thumb Code   314  rc522.o(.text)
    PcdRequest                               0x0000909f   Thumb Code   108  rc522.o(.text)
    PcdAnticoll                              0x0000910b   Thumb Code   114  rc522.o(.text)
    CalulateCRC                              0x0000917d   Thumb Code   108  rc522.o(.text)
    PcdSelect                                0x000091e9   Thumb Code   116  rc522.o(.text)
    PcdAuthState                             0x0000925d   Thumb Code   112  rc522.o(.text)
    PcdRead                                  0x000092cd   Thumb Code    86  rc522.o(.text)
    PcdWrite                                 0x00009323   Thumb Code   150  rc522.o(.text)
    PcdHalt                                  0x000093b9   Thumb Code    50  rc522.o(.text)
    WaitCardOff                              0x000093eb   Thumb Code    50  rc522.o(.text)
    voice_test                               0x0000941d   Thumb Code    72  code.o(.text)
    dir_change                               0x00009465   Thumb Code   246  code.o(.text)
    DZ_KG                                    0x0000956d   Thumb Code    46  zigbee.o(.text)
    LED_show                                 0x0000959b   Thumb Code   110  zigbee.o(.text)
    csb_jl_check                             0x00009609   Thumb Code   182  zigbee.o(.text)
    hw_light                                 0x000096cd   Thumb Code   136  infrared.o(.text)
    hw_light_check                           0x00009755   Thumb Code    90  infrared.o(.text)
    litishow_carnum                          0x000097af   Thumb Code   116  infrared.o(.text)
    litishow_dir                             0x00009823   Thumb Code   382  infrared.o(.text)
    __aeabi_memcpy                           0x000099dd   Thumb Code    36  memcpya.o(.text)
    __aeabi_memcpy4                          0x000099dd   Thumb Code     0  memcpya.o(.text)
    __aeabi_memcpy8                          0x000099dd   Thumb Code     0  memcpya.o(.text)
    __aeabi_memset                           0x00009a01   Thumb Code    14  memseta.o(.text)
    __aeabi_memset4                          0x00009a01   Thumb Code     0  memseta.o(.text)
    __aeabi_memset8                          0x00009a01   Thumb Code     0  memseta.o(.text)
    __aeabi_memclr                           0x00009a0f   Thumb Code     4  memseta.o(.text)
    __aeabi_memclr4                          0x00009a0f   Thumb Code     0  memseta.o(.text)
    __aeabi_memclr8                          0x00009a0f   Thumb Code     0  memseta.o(.text)
    _memset$wrapper                          0x00009a13   Thumb Code    18  memseta.o(.text)
    strlen                                   0x00009a25   Thumb Code    14  strlen.o(.text)
    __aeabi_fadd                             0x00009a33   Thumb Code   164  fadd.o(.text)
    __aeabi_fsub                             0x00009ad7   Thumb Code     6  fadd.o(.text)
    __aeabi_frsub                            0x00009add   Thumb Code     6  fadd.o(.text)
    __aeabi_fmul                             0x00009ae3   Thumb Code   100  fmul.o(.text)
    __aeabi_fdiv                             0x00009b47   Thumb Code   124  fdiv.o(.text)
    __aeabi_dadd                             0x00009bc3   Thumb Code   322  dadd.o(.text)
    __aeabi_dsub                             0x00009d05   Thumb Code     6  dadd.o(.text)
    __aeabi_drsub                            0x00009d0b   Thumb Code     6  dadd.o(.text)
    __aeabi_dmul                             0x00009d11   Thumb Code   228  dmul.o(.text)
    __aeabi_ddiv                             0x00009df5   Thumb Code   222  ddiv.o(.text)
    __aeabi_i2f                              0x00009ed3   Thumb Code    18  fflti.o(.text)
    __aeabi_ui2f                             0x00009ee5   Thumb Code    10  ffltui.o(.text)
    __aeabi_f2iz                             0x00009eef   Thumb Code    50  ffixi.o(.text)
    __aeabi_f2uiz                            0x00009f21   Thumb Code    40  ffixui.o(.text)
    __aeabi_f2d                              0x00009f49   Thumb Code    38  f2d.o(.text)
    __aeabi_d2f                              0x00009f6f   Thumb Code    56  d2f.o(.text)
    __aeabi_cfcmpeq                          0x00009fa9   Thumb Code     0  cfcmple.o(.text)
    __aeabi_cfcmple                          0x00009fa9   Thumb Code    20  cfcmple.o(.text)
    __aeabi_llsl                             0x00009fbd   Thumb Code    30  llshl.o(.text)
    _ll_shift_l                              0x00009fbd   Thumb Code     0  llshl.o(.text)
    __aeabi_lasr                             0x00009fdb   Thumb Code    36  llsshr.o(.text)
    _ll_sshift_r                             0x00009fdb   Thumb Code     0  llsshr.o(.text)
    __I$use$fp                               0x00009fff   Thumb Code     0  iusefp.o(.text)
    _float_round                             0x00009fff   Thumb Code    18  fepilogue.o(.text)
    _float_epilogue                          0x0000a011   Thumb Code    92  fepilogue.o(.text)
    _double_round                            0x0000a06d   Thumb Code    30  depilogue.o(.text)
    _double_epilogue                         0x0000a08b   Thumb Code   156  depilogue.o(.text)
    __scatterload                            0x0000a129   Thumb Code    28  init.o(.text)
    __scatterload_rt2                        0x0000a129   Thumb Code     0  init.o(.text)
    __aeabi_llsr                             0x0000a14d   Thumb Code    32  llushr.o(.text)
    _ll_ushift_r                             0x0000a14d   Thumb Code     0  llushr.o(.text)
    __decompress                             0x0000a16d   Thumb Code     0  __dclz77c.o(.text)
    __decompress2                            0x0000a16d   Thumb Code    94  __dclz77c.o(.text)
    __scatterload_copy                       0x0000a1cb   Thumb Code    14  handlers.o(i.__scatterload_copy)
    __scatterload_null                       0x0000a1d9   Thumb Code     2  handlers.o(i.__scatterload_null)
    __scatterload_zeroinit                   0x0000a1db   Thumb Code    14  handlers.o(i.__scatterload_zeroinit)
    bit_tab                                  0x0000a1e8   Data         128  my_lib.o(.constdata)
    bit_and_tab                              0x0000a268   Data         128  my_lib.o(.constdata)
    bit4_lowhig                              0x0000a2e8   Data          16  my_lib.o(.constdata)
    Region$$Table$$Base                      0x0000a4b0   Number         0  anon$$obj.o(Region$$Table)
    Region$$Table$$Limit                     0x0000a4d0   Number         0  anon$$obj.o(Region$$Table)
    SystemCoreClock                          0x20000000   Data           4  system_stm32f10x.o(.data)
    AHBPrescTable                            0x20000004   Data          16  system_stm32f10x.o(.data)
    G_Tab                                    0x20000064   Data           6  test.o(.data)
    Stop_Flag                                0x2000006a   Data           1  test.o(.data)
    Track_Flag                               0x2000006b   Data           1  test.o(.data)
    G_Flag                                   0x2000006c   Data           1  test.o(.data)
    B_Flag                                   0x2000006d   Data           1  test.o(.data)
    L_Flag                                   0x2000006e   Data           1  test.o(.data)
    R_Flag                                   0x2000006f   Data           1  test.o(.data)
    SD_Flag                                  0x20000070   Data           1  test.o(.data)
    Rx_Flag                                  0x20000071   Data           1  test.o(.data)
    CodedDisk                                0x20000072   Data           2  test.o(.data)
    tempMP                                   0x20000074   Data           2  test.o(.data)
    MP                                       0x20000076   Data           2  test.o(.data)
    Car_Spend                                0x20000078   Data           4  test.o(.data)
    count                                    0x2000007c   Data           4  test.o(.data)
    LSpeed                                   0x20000080   Data           4  test.o(.data)
    RSpeed                                   0x20000084   Data           4  test.o(.data)
    Line_Flag                                0x20000088   Data           1  test.o(.data)
    send_Flag                                0x20000089   Data           1  test.o(.data)
    Light                                    0x2000008c   Data           4  test.o(.data)
    etc_flag                                 0x20000090   Data           1  test.o(.data)
    etc_control                              0x20000091   Data           1  test.o(.data)
    etc_x                                    0x20000092   Data           1  test.o(.data)
    etc_y                                    0x20000093   Data           1  test.o(.data)
    voice_flag                               0x20000094   Data           1  test.o(.data)
    Zigbee_Rx_Max                            0x20000095   Data           1  data_channel.o(.data)
    Wifi_Rx_num                              0x20000096   Data           1  data_channel.o(.data)
    Wifi_Rx_flag                             0x20000097   Data           1  data_channel.o(.data)
    Zigbee_Rx_num                            0x20000098   Data           1  data_channel.o(.data)
    Zigbee_Rx_flag                           0x20000099   Data           1  data_channel.o(.data)
    Zigbee_RxZt_flag                         0x2000009a   Data           1  data_channel.o(.data)
    global_times                             0x2000009c   Data           4  delay_drv.o(.data)
    delay_ms_const                           0x200000a0   Data           4  delay_drv.o(.data)
    flag1                                    0x200000f4   Data           1  usart.o(.data)
    flag2                                    0x200000f5   Data           1  usart.o(.data)
    rx2zt_flag                               0x200000f6   Data           1  usart.o(.data)
    USART_RX_STA                             0x200000f7   Data           1  usart.o(.data)
    RX_num1                                  0x200000f8   Data           1  usart.o(.data)
    RX_num2                                  0x200000f9   Data           1  usart.o(.data)
    RX2_MAX                                  0x200000fa   Data           1  usart.o(.data)
    USART1_RXNUM                             0x200000fb   Data           1  usart.o(.data)
    BUF                                      0x20000100   Data           4  bh1750.o(.data)
    gd                                       0x20000158   Data           1  xj.o(.data)
    gd_                                      0x20000159   Data           1  xj.o(.data)
    status                                   0x200001ac   Data           4  csb.o(.data)
    tx                                       0x200001b0   Data           1  csb.o(.data)
    txr                                      0x200001b1   Data           1  csb.o(.data)
    real_time                                0x200001b4   Data           4  csb.o(.data)
    dis                                      0x200001b8   Data           2  csb.o(.data)
    rxd1_timer4_1ms                          0x2000020a   Data           1  exit.o(.data)
    rxd1_timer4_flag                         0x2000020b   Data           1  exit.o(.data)
    Wheel_flag                               0x2000020c   Data           1  exit.o(.data)
    gd_flag                                  0x2000020d   Data           1  exit.o(.data)
    last_code                                0x2000025e   Data           8  uart_my.o(.data)
    Can_Filter_Flag                          0x20000266   Data           1  can_drv.o(.data)
    Ccp_RxFlag                               0x20000267   Data           1  can_drv.o(.data)
    CanP_RxFMI_Flag                          0x200002b8   Data           4  canp_hostcom.o(.data)
    ctbuf                                    0x200002bc   Data           8  canp_hostcom.o(.data)
    Track_buf                                0x200002c4   Data           2  canp_hostcom.o(.data)
    Fileter_Tab                              0x200002c6   Data          28  canp_hostcom.o(.data)
    Electric_Buf                             0x200002ec   Data           2  power_check.o(.data)
    Pa                                       0x200002f0   Data           4  power_check.o(.data)
    Pb                                       0x200002f4   Data           4  power_check.o(.data)
    pwr_ck_l                                 0x200002f8   Data           1  power_check.o(.data)
    pwr_ck_r                                 0x200002f9   Data           1  power_check.o(.data)
    Ysn7813_flag                             0x2000034c   Data           1  syn7318.o(.data)
    Ysn7813_flag_cs                          0x2000034d   Data           1  syn7318.o(.data)
    Wake_Up                                  0x2000034e   Data           5  syn7318.o(.data)
    Stop_Wake_Up                             0x20000353   Data           4  syn7318.o(.data)
    Play_MP3                                 0x20000357   Data          33  syn7318.o(.data)
    Start_ASR_Buf                            0x20000378   Data           5  syn7318.o(.data)
    Stop_ASR_Buf                             0x2000037d   Data           4  syn7318.o(.data)
    my                                       0x20000381   Data          10  syn7318.o(.data)
    x                                        0x2000038c   Data           4  syn7318.o(.data)
    Stop_Three_One_ASR_Buf                   0x20000390   Data           4  syn7318.o(.data)
    D_MP3_1                                  0x20000394   Data          25  syn7318.o(.data)
    D_MP3_2                                  0x200003ad   Data          29  syn7318.o(.data)
    D_MP3_3                                  0x200003ca   Data          29  syn7318.o(.data)
    D_MP3_4                                  0x200003e7   Data          36  syn7318.o(.data)
    Stop_Th2O                                0x2000040b   Data           4  syn7318.o(.data)
    TF_MP3_1                                 0x2000040f   Data          29  syn7318.o(.data)
    Dict0                                    0x2000042c   Data          48  syn7318.o(.data)
    Dict1                                    0x2000045c   Data          48  syn7318.o(.data)
    Dict2                                    0x2000048c   Data          48  syn7318.o(.data)
    Dict3                                    0x200004bc   Data           4  syn7318.o(.data)
    DICT                                     0x200004c0   Data          40  syn7318.o(.data)
    Back                                     0x200004e8   Data           4  syn7318.o(.data)
    ASR                                      0x200004ec   Data           6  syn7318.o(.data)
    S                                        0x200004f2   Data           4  syn7318.o(.data)
    htTrack_Flag                             0x20000546   Data           1  htxj.o(.data)
    M                                        0x200005ac   Data          63  move.o(.data)
    car_go_flag                              0x200005ec   Data           4  move.o(.data)
    front                                    0x200005f0   Data           4  move.o(.data)
    rear                                     0x200005f4   Data           4  move.o(.data)
    count1                                   0x200005f8   Data           1  move.o(.data)
    count2                                   0x200005f9   Data           1  move.o(.data)
    current_x                                0x200005fc   Data           4  move.o(.data)
    current_y                                0x20000600   Data           4  move.o(.data)
    current_d                                0x20000604   Data           4  move.o(.data)
    target_x                                 0x20000608   Data           4  move.o(.data)
    target_y                                 0x2000060c   Data           4  move.o(.data)
    target_d                                 0x20000610   Data           4  move.o(.data)
    obstacle_flag                            0x20000614   Data           1  move.o(.data)
    obstacle_num                             0x20000618   Data           4  move.o(.data)
    is_obstacle_black                        0x2000061c   Data           4  move.o(.data)
    feedback_state_flag1                     0x20000670   Data           1  feedback.o(.data)
    OK_flag                                  0x20000671   Data           1  feedback.o(.data)
    other_data                               0x20000672   Data           8  feedback.o(.data)
    KEY_A                                    0x200006ca   Data           6  rc522_my.o(.data)
    WRITE_RFID                               0x200006d0   Data          16  rc522_my.o(.data)
    rfid_do                                  0x200006e0   Data           1  rc522_my.o(.data)
    voice2flag                               0x20000731   Data           1  zigbee.o(.data)
    voice_send_allow                         0x20000732   Data           1  zigbee.o(.data)
    DZ_K                                     0x20000733   Data           8  zigbee.o(.data)
    DZ_G                                     0x2000073b   Data           8  zigbee.o(.data)
    license_plate1                           0x20000793   Data           3  infrared.o(.data)
    license_plate2                           0x20000796   Data           3  infrared.o(.data)
    LITISHOW_X                               0x20000799   Data           1  infrared.o(.data)
    LITISHOW_Y                               0x2000079a   Data           1  infrared.o(.data)
    H_1                                      0x2000079b   Data           4  infrared.o(.data)
    H_2                                      0x2000079f   Data           4  infrared.o(.data)
    H_3                                      0x200007a3   Data           4  infrared.o(.data)
    hw_check_data                            0x200007a7   Data           1  infrared.o(.data)
    already_litishow_dir                     0x200007a8   Data           1  infrared.o(.data)
    S_Tab                                    0x200007ac   Data          11  test.o(.bss)
    RCC_Clocks                               0x200007b8   Data          20  test.o(.bss)
    Wifi_Rx_Buf                              0x200007cc   Data         200  data_channel.o(.bss)
    Zigb_Rx_Buf                              0x20000894   Data         200  data_channel.o(.bss)
    USART1_RX_BUF                            0x2000095c   Data         200  usart.o(.bss)
    USART2_RX_BUF                            0x20000a24   Data          40  usart.o(.bss)
    Fifo_Info                                0x20000a74   Data          16  canp_hostcom.o(.bss)
    Fifo_WifiRx                              0x20000a84   Data          16  canp_hostcom.o(.bss)
    Fifo_WifiTx                              0x20000a94   Data          16  canp_hostcom.o(.bss)
    Fifo_ZigbRx                              0x20000aa4   Data          16  canp_hostcom.o(.bss)
    Fifo_ZigbTx                              0x20000ab4   Data          16  canp_hostcom.o(.bss)
    FifoBuf_Info                             0x20000ac4   Data          50  canp_hostcom.o(.bss)
    FifoBuf_WifiRx                           0x20000af6   Data          50  canp_hostcom.o(.bss)
    FifoBuf_WifiTx                           0x20000b28   Data          50  canp_hostcom.o(.bss)
    FifoBuf_ZigbRx                           0x20000b5a   Data          50  canp_hostcom.o(.bss)
    FifoBuf_ZigbTx                           0x20000b8c   Data          50  canp_hostcom.o(.bss)
    crm                                      0x20000bc0   Data          20  canp_hostcom.o(.bss)
    crbuf                                    0x20000bd4   Data          32  canp_hostcom.o(.bss)
    cache                                    0x20000bf4   Data         252  move.o(.bss)
    Q                                        0x20000cf0   Data        1200  move.o(.bss)
    loc                                      0x200011a0   Data         800  move.o(.bss)
    feedback_state                           0x200014c0   Data          11  feedback.o(.bss)
    rfid_num2_state                          0x200014cb   Data          19  feedback.o(.bss)
    read_rfid_my                             0x200014de   Data          16  rc522_my.o(.bss)
    __initial_sp                             0x200018f0   Data           0  startup_stm32f10x_hd.o(STACK)



==============================================================================

Memory Map of the image

  Image Entry point : 0x00000131

  Load Region LR_IROM1 (Base: 0x00000000, Size: 0x0000ac7c, Max: 0x00040000, ABSOLUTE, COMPRESSED[0x0000a70c])

    Execution Region ER_IROM1 (Base: 0x00000000, Size: 0x0000a4d0, Max: 0x00040000, ABSOLUTE)

    Base Addr    Size         Type   Attr      Idx    E Section Name        Object

    0x00000000   0x00000130   Data   RO           80    RESET               startup_stm32f10x_hd.o
    0x00000130   0x00000000   Code   RO         1118  * .ARM.Collect$$$$00000000  mc_w.l(entry.o)
    0x00000130   0x00000004   Code   RO         1155    .ARM.Collect$$$$00000001  mc_w.l(entry2.o)
    0x00000134   0x00000004   Code   RO         1158    .ARM.Collect$$$$00000004  mc_w.l(entry5.o)
    0x00000138   0x00000000   Code   RO         1160    .ARM.Collect$$$$00000008  mc_w.l(entry7b.o)
    0x00000138   0x00000000   Code   RO         1162    .ARM.Collect$$$$0000000A  mc_w.l(entry8b.o)
    0x00000138   0x00000008   Code   RO         1163    .ARM.Collect$$$$0000000B  mc_w.l(entry9a.o)
    0x00000140   0x00000000   Code   RO         1165    .ARM.Collect$$$$0000000D  mc_w.l(entry10a.o)
    0x00000140   0x00000000   Code   RO         1167    .ARM.Collect$$$$0000000F  mc_w.l(entry11a.o)
    0x00000140   0x00000004   Code   RO         1156    .ARM.Collect$$$$00002712  mc_w.l(entry2.o)
    0x00000144   0x000001e0   Code   RO           17    .text               system_stm32f10x.o
    0x00000324   0x00000024   Code   RO           81    .text               startup_stm32f10x_hd.o
    0x00000348   0x00000018   Code   RO           85    .text               stm32f10x_it.o
    0x00000360   0x00001058   Code   RO          108    .text               test.o
    0x000013b8   0x000001a8   Code   RO          236    .text               data_channel.o
    0x00001560   0x000000a8   Code   RO          259    .text               delay_drv.o
    0x00001608   0x00000026   Code   RO          277    .text               sys.o
    0x0000162e   0x00000002   PAD
    0x00001630   0x000001ac   Code   RO          289    .text               usart.o
    0x000017dc   0x00000078   Code   RO          323    .text               delay.o
    0x00001854   0x00000044   Code   RO          337    .text               led.o
    0x00001898   0x000000a8   Code   RO          349    .text               init.o
    0x00001940   0x000003dc   Code   RO          363    .text               djqd.o
    0x00001d1c   0x00000298   Code   RO          378    .text               bh1750.o
    0x00001fb4   0x00000040   Code   RO          397    .text               key.o
    0x00001ff4   0x000002fc   Code   RO          409    .text               xj.o
    0x000022f0   0x000002d0   Code   RO          427    .text               csb.o
    0x000025c0   0x000000f4   Code   RO          448    .text               hw.o
    0x000026b4   0x000002a0   Code   RO          462    .text               exit.o
    0x00002954   0x00000284   Code   RO          480    .text               uart_my.o
    0x00002bd8   0x00000584   Code   RO          506    .text               can_drv.o
    0x0000315c   0x000004e0   Code   RO          525    .text               canp_hostcom.o
    0x0000363c   0x00000142   Code   RO          545    .text               fifo_drv.o
    0x0000377e   0x00000002   PAD
    0x00003780   0x000000e8   Code   RO          557    .text               adc.o
    0x00003868   0x00000188   Code   RO          572    .text               power_check.o
    0x000039f0   0x00000344   Code   RO          590    .text               timer.o
    0x00003d34   0x000010b0   Code   RO          604    .text               syn7318.o
    0x00004de4   0x00000238   Code   RO          623    .text               htxj.o
    0x0000501c   0x000000dc   Code   RO          641    .text               misc.o
    0x000050f8   0x0000044e   Code   RO          653    .text               stm32f10x_adc.o
    0x00005546   0x00000002   PAD
    0x00005548   0x000009f0   Code   RO          677    .text               stm32f10x_can.o
    0x00005f38   0x0000011c   Code   RO          761    .text               stm32f10x_exti.o
    0x00006054   0x0000035c   Code   RO          800    .text               stm32f10x_gpio.o
    0x000063b0   0x000003a4   Code   RO          857    .text               stm32f10x_rcc.o
    0x00006754   0x00000e1a   Code   RO          913    .text               stm32f10x_tim.o
    0x0000756e   0x00000002   PAD
    0x00007570   0x00000408   Code   RO          925    .text               stm32f10x_usart.o
    0x00007978   0x00000fc0   Code   RO          970    .text               move.o
    0x00008938   0x000001bc   Code   RO          993    .text               feedback.o
    0x00008af4   0x000001b8   Code   RO         1013    .text               rc522_my.o
    0x00008cac   0x00000770   Code   RO         1035    .text               rc522.o
    0x0000941c   0x00000150   Code   RO         1049    .text               code.o
    0x0000956c   0x00000160   Code   RO         1064    .text               zigbee.o
    0x000096cc   0x00000310   Code   RO         1083    .text               infrared.o
    0x000099dc   0x00000024   Code   RO         1121    .text               mc_w.l(memcpya.o)
    0x00009a00   0x00000024   Code   RO         1123    .text               mc_w.l(memseta.o)
    0x00009a24   0x0000000e   Code   RO         1125    .text               mc_w.l(strlen.o)
    0x00009a32   0x000000b0   Code   RO         1129    .text               mf_w.l(fadd.o)
    0x00009ae2   0x00000064   Code   RO         1131    .text               mf_w.l(fmul.o)
    0x00009b46   0x0000007c   Code   RO         1133    .text               mf_w.l(fdiv.o)
    0x00009bc2   0x0000014e   Code   RO         1135    .text               mf_w.l(dadd.o)
    0x00009d10   0x000000e4   Code   RO         1137    .text               mf_w.l(dmul.o)
    0x00009df4   0x000000de   Code   RO         1139    .text               mf_w.l(ddiv.o)
    0x00009ed2   0x00000012   Code   RO         1141    .text               mf_w.l(fflti.o)
    0x00009ee4   0x0000000a   Code   RO         1143    .text               mf_w.l(ffltui.o)
    0x00009eee   0x00000032   Code   RO         1145    .text               mf_w.l(ffixi.o)
    0x00009f20   0x00000028   Code   RO         1147    .text               mf_w.l(ffixui.o)
    0x00009f48   0x00000026   Code   RO         1149    .text               mf_w.l(f2d.o)
    0x00009f6e   0x00000038   Code   RO         1151    .text               mf_w.l(d2f.o)
    0x00009fa6   0x00000002   PAD
    0x00009fa8   0x00000014   Code   RO         1153    .text               mf_w.l(cfcmple.o)
    0x00009fbc   0x0000001e   Code   RO         1169    .text               mc_w.l(llshl.o)
    0x00009fda   0x00000024   Code   RO         1171    .text               mc_w.l(llsshr.o)
    0x00009ffe   0x00000000   Code   RO         1173    .text               mc_w.l(iusefp.o)
    0x00009ffe   0x0000006e   Code   RO         1174    .text               mf_w.l(fepilogue.o)
    0x0000a06c   0x000000ba   Code   RO         1176    .text               mf_w.l(depilogue.o)
    0x0000a126   0x00000002   PAD
    0x0000a128   0x00000024   Code   RO         1178    .text               mc_w.l(init.o)
    0x0000a14c   0x00000020   Code   RO         1180    .text               mc_w.l(llushr.o)
    0x0000a16c   0x0000005e   Code   RO         1190    .text               mc_w.l(__dclz77c.o)
    0x0000a1ca   0x0000000e   Code   RO         1184    i.__scatterload_copy  mc_w.l(handlers.o)
    0x0000a1d8   0x00000002   Code   RO         1185    i.__scatterload_null  mc_w.l(handlers.o)
    0x0000a1da   0x0000000e   Code   RO         1186    i.__scatterload_zeroinit  mc_w.l(handlers.o)
    0x0000a1e8   0x00000110   Data   RO          953    .constdata          my_lib.o
    0x0000a2f8   0x00000008   Data   RO         1050    .constdata          code.o
    0x0000a300   0x000001ad   Data   RO          605    .conststring        syn7318.o
    0x0000a4ad   0x00000003   PAD
    0x0000a4b0   0x00000020   Data   RO         1182    Region$$Table       anon$$obj.o


    Execution Region RW_IRAM1 (Base: 0x20000000, Size: 0x000018f0, Max: 0x00020000, ABSOLUTE, COMPRESSED[0x0000023c])

    Base Addr    Size         Type   Attr      Idx    E Section Name        Object

    0x20000000   0x00000014   Data   RW           18    .data               system_stm32f10x.o
    0x20000014   0x00000081   Data   RW          110    .data               test.o
    0x20000095   0x00000006   Data   RW          238    .data               data_channel.o
    0x2000009b   0x00000001   PAD
    0x2000009c   0x00000008   Data   RW          260    .data               delay_drv.o
    0x200000a4   0x00000058   Data   RW          291    .data               usart.o
    0x200000fc   0x00000004   Data   RW          324    .data               delay.o
    0x20000100   0x00000008   Data   RW          379    .data               bh1750.o
    0x20000108   0x00000052   Data   RW          410    .data               xj.o
    0x2000015a   0x00000002   PAD
    0x2000015c   0x0000005e   Data   RW          428    .data               csb.o
    0x200001ba   0x00000054   Data   RW          463    .data               exit.o
    0x2000020e   0x00000058   Data   RW          481    .data               uart_my.o
    0x20000266   0x00000002   Data   RW          508    .data               can_drv.o
    0x20000268   0x00000081   Data   RW          527    .data               canp_hostcom.o
    0x200002e9   0x00000003   PAD
    0x200002ec   0x0000000e   Data   RW          573    .data               power_check.o
    0x200002fa   0x00000002   PAD
    0x200002fc   0x000001fa   Data   RW          606    .data               syn7318.o
    0x200004f6   0x00000051   Data   RW          624    .data               htxj.o
    0x20000547   0x00000014   Data   RW          858    .data               stm32f10x_rcc.o
    0x2000055b   0x00000001   PAD
    0x2000055c   0x000000c4   Data   RW          972    .data               move.o
    0x20000620   0x0000005a   Data   RW          995    .data               feedback.o
    0x2000067a   0x00000067   Data   RW         1015    .data               rc522_my.o
    0x200006e1   0x00000062   Data   RW         1065    .data               zigbee.o
    0x20000743   0x00000066   Data   RW         1084    .data               infrared.o
    0x200007a9   0x00000003   PAD
    0x200007ac   0x00000020   Zero   RW          109    .bss                test.o
    0x200007cc   0x00000190   Zero   RW          237    .bss                data_channel.o
    0x2000095c   0x000000f0   Zero   RW          290    .bss                usart.o
    0x20000a4c   0x00000028   Zero   RW          507    .bss                can_drv.o
    0x20000a74   0x00000180   Zero   RW          526    .bss                canp_hostcom.o
    0x20000bf4   0x000008cc   Zero   RW          971    .bss                move.o
    0x200014c0   0x0000001e   Zero   RW          994    .bss                feedback.o
    0x200014de   0x00000010   Zero   RW         1014    .bss                rc522_my.o
    0x200014ee   0x00000002   PAD
    0x200014f0   0x00000400   Zero   RW           78    STACK               startup_stm32f10x_hd.o


==============================================================================

Image component sizes


      Code (inc. data)   RO Data    RW Data    ZI Data      Debug   Object Name

       232          8          0          0          0       1079   adc.o
       664         48          0          8          0       3389   bh1750.o
      1412         34          0          2         40       6371   can_drv.o
      1248        100          0        129        384       7306   canp_hostcom.o
       336         18          8          0          0       1548   code.o
         0          0          0          0          0       4536   core_cm3.o
       720         68          0         94          0       4454   csb.o
       424         46          0          6        400       1863   data_channel.o
       120          8          0          4          0        900   delay.o
       168         12          0          8          0       2275   delay_drv.o
       988         76          0          0          0       2316   djqd.o
       672         60          0         84          0       2136   exit.o
       444         50          0         90         30       2536   feedback.o
       322          0          0          0          0       2702   fifo_drv.o
       568         36          0         81          0       1253   htxj.o
       244         16          0          0          0       1238   hw.o
       784         60          0        102          0       3144   infrared.o
       168          8          0          0          0        546   init.o
        64         12          0          0          0        439   key.o
        68         10          0          0          0        435   led.o
       220         22          0          0          0       1809   misc.o
      4032        210          0        196       2252       9505   move.o
         0          0        272          0          0       1086   my_lib.o
       392         38          0         14          0       1873   power_check.o
      1904         20          0          0          0       6950   rc522.o
       440         16          0        103         16       2690   rc522_my.o
        36          8        304          0       1024        812   startup_stm32f10x_hd.o
      1102         26          0          0          0      10845   stm32f10x_adc.o
      2544         38          0          0          0       7864   stm32f10x_can.o
       284         10          0          0          0       2247   stm32f10x_exti.o
       860         38          0          0          0       5661   stm32f10x_gpio.o
        24          0          0          0          0       1126   stm32f10x_it.o
       932         36          0         20          0       8844   stm32f10x_rcc.o
      3610         88          0          0          0      22144   stm32f10x_tim.o
      1032         22          0          0          0       8392   stm32f10x_usart.o
      4272       1532        429        506          0       7914   syn7318.o
        38          0          0          0          0        509   sys.o
       480         38          0         20          0     267467   system_stm32f10x.o
      4184        412          0        129         32      23296   test.o
       836         60          0          0          0       2301   timer.o
       644         26          0         88          0       3910   uart_my.o
       428         20          0         88        240       4616   usart.o
       764         58          0         82          0       1888   xj.o
       352         14          0         98          0       2598   zigbee.o

    ----------------------------------------------------------------------
     39064       3402       1048       1964       4420     456813   Object Totals
         0          0         32          0          0          0   (incl. Generated)
         8          0          3         12          2          0   (incl. Padding)

    ----------------------------------------------------------------------

      Code (inc. data)   RO Data    RW Data    ZI Data      Debug   Library Member Name

        94          0          0          0          0          0   __dclz77c.o
         0          0          0          0          0          0   entry.o
         0          0          0          0          0          0   entry10a.o
         0          0          0          0          0          0   entry11a.o
         8          4          0          0          0          0   entry2.o
         4          0          0          0          0          0   entry5.o
         0          0          0          0          0          0   entry7b.o
         0          0          0          0          0          0   entry8b.o
         8          4          0          0          0          0   entry9a.o
        30          0          0          0          0          0   handlers.o
        36          8          0          0          0         68   init.o
         0          0          0          0          0          0   iusefp.o
        30          0          0          0          0         68   llshl.o
        36          0          0          0          0         68   llsshr.o
        32          0          0          0          0         68   llushr.o
        36          0          0          0          0         68   memcpya.o
        36          0          0          0          0        108   memseta.o
        14          0          0          0          0         68   strlen.o
        20          0          0          0          0         68   cfcmple.o
        56          0          0          0          0         88   d2f.o
       334          0          0          0          0        148   dadd.o
       222          0          0          0          0        100   ddiv.o
       186          0          0          0          0        176   depilogue.o
       228          0          0          0          0         96   dmul.o
        38          0          0          0          0         68   f2d.o
       176          0          0          0          0        140   fadd.o
       124          0          0          0          0         88   fdiv.o
       110          0          0          0          0        168   fepilogue.o
        50          0          0          0          0         68   ffixi.o
        40          0          0          0          0         68   ffixui.o
        18          0          0          0          0         68   fflti.o
        10          0          0          0          0         68   ffltui.o
       100          0          0          0          0         76   fmul.o

    ----------------------------------------------------------------------
      2080         16          0          0          0       2004   Library Totals
         4          0          0          0          0          0   (incl. Padding)

    ----------------------------------------------------------------------

      Code (inc. data)   RO Data    RW Data    ZI Data      Debug   Library Name

       364         16          0          0          0        516   mc_w.l
      1712          0          0          0          0       1488   mf_w.l

    ----------------------------------------------------------------------
      2080         16          0          0          0       2004   Library Totals

    ----------------------------------------------------------------------

==============================================================================


      Code (inc. data)   RO Data    RW Data    ZI Data      Debug   

     41144       3418       1048       1964       4420     454161   Grand Totals
     41144       3418       1048        572       4420     454161   ELF Image Totals (compressed)
     41144       3418       1048        572          0          0   ROM Totals

==============================================================================

    Total RO  Size (Code + RO Data)                42192 (  41.20kB)
    Total RW  Size (RW Data + ZI Data)              6384 (   6.23kB)
    Total ROM Size (Code + RO Data + RW Data)      42764 (  41.76kB)

==============================================================================

